
Optional file libmchp_peripheral.a not found

Optional file libmchp_peripheral_32MX450F256L.a not found
Archive member included because of file (symbol)

c:/program files (x86)/microchip/xc32/v2.10/bin/bin/../../lib/gcc/pic32mx/4.8.3/../../../../pic32mx/lib\libpic32.a(memcpy.o)
                              build/MX450_BASIC_DEMO0/production/_ext/2146212583/sta369bwdsp_handler.o (memcpy)
c:/program files (x86)/microchip/xc32/v2.10/bin/bin/../../lib/gcc/pic32mx/4.8.3/../../../../pic32mx/lib\libpic32.a(default-bootstrap-exception-handler.o)
                              c:/program files (x86)/microchip/xc32/v2.10/bin/bin/../../lib/gcc/pic32mx/4.8.3/../../../../pic32mx/lib/./proc/32MX450F256L/crt0_mips32r2.o (_bootstrap_exception_handler)
c:/program files (x86)/microchip/xc32/v2.10/bin/bin/../../lib/gcc/pic32mx/4.8.3/../../../../pic32mx/lib\libpic32.a(default-on-reset.o)
                              c:/program files (x86)/microchip/xc32/v2.10/bin/bin/../../lib/gcc/pic32mx/4.8.3/../../../../pic32mx/lib/./proc/32MX450F256L/crt0_mips32r2.o (_on_reset)
c:/program files (x86)/microchip/xc32/v2.10/bin/bin/../../lib/gcc/pic32mx/4.8.3/../../../../pic32mx/lib\libpic32.a(default-on-bootstrap.o)
                              c:/program files (x86)/microchip/xc32/v2.10/bin/bin/../../lib/gcc/pic32mx/4.8.3/../../../../pic32mx/lib/./proc/32MX450F256L/crt0_mips32r2.o (_on_bootstrap)
c:/program files (x86)/microchip/xc32/v2.10/bin/bin/../../lib/gcc/pic32mx/4.8.3/../../../../pic32mx/lib\libpic32.a(default-nmi-handler.o)
                              c:/program files (x86)/microchip/xc32/v2.10/bin/bin/../../lib/gcc/pic32mx/4.8.3/../../../../pic32mx/lib/./proc/32MX450F256L/crt0_mips32r2.o (_nmi_handler)
c:/program files (x86)/microchip/xc32/v2.10/bin/bin/../../lib/gcc/pic32mx/4.8.3/../../../../pic32mx/lib\libpic32.a(pic32_data_init.o)
                              c:/program files (x86)/microchip/xc32/v2.10/bin/bin/../../lib/gcc/pic32mx/4.8.3/../../../../pic32mx/lib/./proc/32MX450F256L/crt0_mips32r2.o (__pic32_data_init)
c:/program files (x86)/microchip/xc32/v2.10/bin/bin/../../lib/gcc/pic32mx/4.8.3/../../../../pic32mx/lib\libpic32.a(general-exception.o)
                              c:/program files (x86)/microchip/xc32/v2.10/bin/bin/../../lib/gcc/pic32mx/4.8.3/../../../../pic32mx/lib/./proc/32MX450F256L/crt0_mips32r2.o (_general_exception_context)
c:/program files (x86)/microchip/xc32/v2.10/bin/bin/../../lib/gcc/pic32mx/4.8.3/../../../../pic32mx/lib\libpic32.a(vector0.o)
                              c:/program files (x86)/microchip/xc32/v2.10/bin/bin/../../lib/gcc/pic32mx/4.8.3/../../../../pic32mx/lib/./proc/32MX450F256L\default_isr_vectors.o (__vector_dispatch_0)
c:/program files (x86)/microchip/xc32/v2.10/bin/bin/../../lib/gcc/pic32mx/4.8.3/../../../../pic32mx/lib\libpic32.a(vector1.o)
                              c:/program files (x86)/microchip/xc32/v2.10/bin/bin/../../lib/gcc/pic32mx/4.8.3/../../../../pic32mx/lib/./proc/32MX450F256L\default_isr_vectors.o (__vector_dispatch_1)
c:/program files (x86)/microchip/xc32/v2.10/bin/bin/../../lib/gcc/pic32mx/4.8.3/../../../../pic32mx/lib\libpic32.a(vector2.o)
                              c:/program files (x86)/microchip/xc32/v2.10/bin/bin/../../lib/gcc/pic32mx/4.8.3/../../../../pic32mx/lib/./proc/32MX450F256L\default_isr_vectors.o (__vector_dispatch_2)
c:/program files (x86)/microchip/xc32/v2.10/bin/bin/../../lib/gcc/pic32mx/4.8.3/../../../../pic32mx/lib\libpic32.a(vector3.o)
                              c:/program files (x86)/microchip/xc32/v2.10/bin/bin/../../lib/gcc/pic32mx/4.8.3/../../../../pic32mx/lib/./proc/32MX450F256L\default_isr_vectors.o (__vector_dispatch_3)
c:/program files (x86)/microchip/xc32/v2.10/bin/bin/../../lib/gcc/pic32mx/4.8.3/../../../../pic32mx/lib\libpic32.a(vector5.o)
                              c:/program files (x86)/microchip/xc32/v2.10/bin/bin/../../lib/gcc/pic32mx/4.8.3/../../../../pic32mx/lib/./proc/32MX450F256L\default_isr_vectors.o (__vector_dispatch_5)
c:/program files (x86)/microchip/xc32/v2.10/bin/bin/../../lib/gcc/pic32mx/4.8.3/../../../../pic32mx/lib\libpic32.a(vector6.o)
                              c:/program files (x86)/microchip/xc32/v2.10/bin/bin/../../lib/gcc/pic32mx/4.8.3/../../../../pic32mx/lib/./proc/32MX450F256L\default_isr_vectors.o (__vector_dispatch_6)
c:/program files (x86)/microchip/xc32/v2.10/bin/bin/../../lib/gcc/pic32mx/4.8.3/../../../../pic32mx/lib\libpic32.a(vector7.o)
                              c:/program files (x86)/microchip/xc32/v2.10/bin/bin/../../lib/gcc/pic32mx/4.8.3/../../../../pic32mx/lib/./proc/32MX450F256L\default_isr_vectors.o (__vector_dispatch_7)
c:/program files (x86)/microchip/xc32/v2.10/bin/bin/../../lib/gcc/pic32mx/4.8.3/../../../../pic32mx/lib\libpic32.a(vector9.o)
                              c:/program files (x86)/microchip/xc32/v2.10/bin/bin/../../lib/gcc/pic32mx/4.8.3/../../../../pic32mx/lib/./proc/32MX450F256L\default_isr_vectors.o (__vector_dispatch_9)
[...]
Memory Configuration

Name             Origin             Length             Attributes
kseg0_program_mem 0x9d000000         0x00040000         xr
kseg0_boot_mem   0x9fc00490         0x00000970
exception_mem    0x9fc01000         0x00001000
kseg1_boot_mem   0xbfc00000         0x00000490
debug_exec_mem   0xbfc02000         0x00000ff0
config3          0xbfc02ff0         0x00000004
config2          0xbfc02ff4         0x00000004
config1          0xbfc02ff8         0x00000004
config0          0xbfc02ffc         0x00000004
kseg1_data_mem   0xa0000000         0x00010000         w !x
sfrs             0xbf800000         0x00100000
configsfrs       0xbfc02ff0         0x00000010
*default*        0x00000000         0xffffffff

Linker script and memory map

LOAD c:/program files (x86)/microchip/xc32/v2.10/bin/bin/../../lib/gcc/pic32mx/4.8.3/../../../../pic32mx/lib/./proc/32MX450F256L/crt0_mips32r2.o
LOAD c:/program files (x86)/microchip/xc32/v2.10/bin/bin/../../lib/gcc/pic32mx/4.8.3/../../../../pic32mx/lib\debug-exception-return.o
LOAD build/MX450_BASIC_DEMO0/production/_ext/823550626/drv_i2c_static_buffer_model.o
LOAD build/MX450_BASIC_DEMO0/production/_ext/823550626/drv_i2c_mapping.o
LOAD build/MX450_BASIC_DEMO0/production/_ext/2052027997/drv_tmr_static.o
LOAD build/MX450_BASIC_DEMO0/production/_ext/2052027997/drv_tmr_mapping.o
LOAD build/MX450_BASIC_DEMO0/production/_ext/382828169/drv_usart_mapping.o
LOAD build/MX450_BASIC_DEMO0/production/_ext/382828169/drv_usart_static.o
LOAD build/MX450_BASIC_DEMO0/production/_ext/382828169/drv_usart_static_byte_model.o
LOAD build/MX450_BASIC_DEMO0/production/_ext/195891987/sys_clk_static.o
LOAD build/MX450_BASIC_DEMO0/production/_ext/766220707/sys_ports_static.o
LOAD build/MX450_BASIC_DEMO0/production/_ext/1823359670/system_init.o
LOAD build/MX450_BASIC_DEMO0/production/_ext/1823359670/system_interrupt.o
LOAD build/MX450_BASIC_DEMO0/production/_ext/1823359670/system_exceptions.o
LOAD build/MX450_BASIC_DEMO0/production/_ext/1823359670/system_tasks.o
LOAD build/MX450_BASIC_DEMO0/production/_ext/1360937237/app.o
LOAD build/MX450_BASIC_DEMO0/production/_ext/1360937237/main.o
LOAD build/MX450_BASIC_DEMO0/production/_ext/1205520658/bt_app.o
LOAD build/MX450_BASIC_DEMO0/production/_ext/1205520658/bt_data.o
LOAD build/MX450_BASIC_DEMO0/production/_ext/1205520658/bt_hardware_profile.o
LOAD build/MX450_BASIC_DEMO0/production/_ext/1205520658/key.o
LOAD build/MX450_BASIC_DEMO0/production/_ext/1205520658/key_handler.o
LOAD build/MX450_BASIC_DEMO0/production/_ext/1205520658/led.o
LOAD build/MX450_BASIC_DEMO0/production/_ext/1205520658/timer.o
LOAD build/MX450_BASIC_DEMO0/production/_ext/1634889738/bt_a2dp.o
LOAD build/MX450_BASIC_DEMO0/production/_ext/1634889738/bt_command_decode.o
LOAD build/MX450_BASIC_DEMO0/production/_ext/1634889738/bt_command_send.o
LOAD build/MX450_BASIC_DEMO0/production/_ext/1634889738/bt_hfp.o
LOAD build/MX450_BASIC_DEMO0/production/_ext/1634889738/bt_line_in.o
LOAD build/MX450_BASIC_DEMO0/production/_ext/1634889738/bt_multi_spk.o
LOAD build/MX450_BASIC_DEMO0/production/_ext/1634889738/bt_volume.o
LOAD build/MX450_BASIC_DEMO0/production/_ext/2146212583/sta369bwdsp_handler.o
LOAD build/MX450_BASIC_DEMO0/production/_ext/912498863/sys_devcon.o
LOAD build/MX450_BASIC_DEMO0/production/_ext/912498863/sys_devcon_pic32mx.o
LOAD build/MX450_BASIC_DEMO0/production/_ext/711155467/sys_int_pic32.o
LOAD ..\..\..\..\..\..\bin\framework\peripheral\PIC32MX450F256L_peripherals.a
                0x00000001                __MPLAB_BUILD = 0x1
                0x00000000                _min_heap_size = 0x0
LOAD c:/program files (x86)/microchip/xc32/v2.10/bin/bin/../../lib/gcc/pic32mx/4.8.3/../../../../pic32mx/lib/./proc/32MX450F256L\default_isr_vectors.o
LOAD c:/program files (x86)/microchip/xc32/v2.10/bin/bin/../../lib/gcc/pic32mx/4.8.3/../../../../pic32mx/lib\pic32_software_reset.o
                0x00000400                PROVIDE (_min_stack_size, 0x400)
LOAD c:/program files (x86)/microchip/xc32/v2.10/bin/bin/../../lib/gcc/pic32mx/4.8.3/../../../../pic32mx/lib/./proc/32MX450F256L\processor.o
START GROUP
LOAD libmchp_peripheral.a
END GROUP
START GROUP
LOAD libmchp_peripheral_32MX450F256L.a
END GROUP
                0x00000001                PROVIDE (_vector_spacing, 0x1)
                0x9fc01000                PROVIDE (_ebase_address, 0x9fc01000)
                0xbfc00000                _RESET_ADDR = 0xbfc00000
                0xbfc00380                _BEV_EXCPT_ADDR = 0xbfc00380
                0xbfc00480                _DBG_EXCPT_ADDR = 0xbfc00480
                0xbfc02000                _DBG_CODE_ADDR = 0xbfc02000
                0x00000ff0                _DBG_CODE_SIZE = 0xff0
                0x9fc01180                _GEN_EXCPT_ADDR = (_ebase_address + 0x180)

.config_BFC02FF0
                0xbfc02ff0        0x4
 *(.config_BFC02FF0)
 .config_BFC02FF0
                0xbfc02ff0        0x4 build/MX450_BASIC_DEMO0/production/_ext/1823359670/system_init.o

.config_BFC02FF4
                0xbfc02ff4        0x4
 *(.config_BFC02FF4)
 .config_BFC02FF4
                0xbfc02ff4        0x4 build/MX450_BASIC_DEMO0/production/_ext/1823359670/system_init.o

.config_BFC02FF8
                0xbfc02ff8        0x4
 *(.config_BFC02FF8)
 .config_BFC02FF8
                0xbfc02ff8        0x4 build/MX450_BASIC_DEMO0/production/_ext/1823359670/system_init.o

.config_BFC02FFC
                0xbfc02ffc        0x4
 *(.config_BFC02FFC)
 .config_BFC02FFC
                0xbfc02ffc        0x4 build/MX450_BASIC_DEMO0/production/_ext/1823359670/system_init.o
                0xbfc02000                PROVIDE (_DBG_CODE_ADDR, 0xbfc02000)
                0x00000ff0                PROVIDE (_DBG_CODE_SIZE, 0xff0)

.reset          0xbfc00000      0x1a8
 *(.reset)
 .reset         0xbfc00000        0x8 c:/program files (x86)/microchip/xc32/v2.10/bin/bin/../../lib/gcc/pic32mx/4.8.3/../../../../pic32mx/lib/./proc/32MX450F256L/crt0_mips32r2.o
                0xbfc00000                _reset
 *(.reset.startup)
 .reset.startup
                0xbfc00008      0x1a0 c:/program files (x86)/microchip/xc32/v2.10/bin/bin/../../lib/gcc/pic32mx/4.8.3/../../../../pic32mx/lib/./proc/32MX450F256L/crt0_mips32r2.o
                0xbfc00008                _startup

.bev_excpt      0xbfc00380       0x10
 *(.bev_handler)
 .bev_handler   0xbfc00380       0x10 c:/program files (x86)/microchip/xc32/v2.10/bin/bin/../../lib/gcc/pic32mx/4.8.3/../../../../pic32mx/lib/./proc/32MX450F256L/crt0_mips32r2.o

.dbg_excpt      0xbfc00480        0x0
                0xbfc00480                . = (. + DEFINED (_DEBUGGER)?0x8:0x0)

.dbg_code       0xbfc02000        0x0
                0xbfc02000                . = (. + DEFINED (_DEBUGGER)?_DBG_CODE_SIZE:0x0)

.app_excpt      0x9fc01180       0x10
 *(.gen_handler)
 .gen_handler   0x9fc01180       0x10 c:/program files (x86)/microchip/xc32/v2.10/bin/bin/../../lib/gcc/pic32mx/4.8.3/../../../../pic32mx/lib/./proc/32MX450F256L/crt0_mips32r2.o

.vector_0       0x9fc01200        0x8
 *(.vector_0)
 .vector_0      0x9fc01200        0x8 c:/program files (x86)/microchip/xc32/v2.10/bin/bin/../../lib/gcc/pic32mx/4.8.3/../../../../pic32mx/lib\libpic32.a(vector0.o)
                0x9fc01200                __vector_dispatch_0
                0x00000001                ASSERT (((_vector_spacing == 0x0) || (SIZEOF (.vector_0) <= (_vector_spacing << 0x5))), function at exception vector 0 too large)

.vector_1       0x9fc01220        0x8
 *(.vector_1)
 .vector_1      0x9fc01220        0x8 c:/program files (x86)/microchip/xc32/v2.10/bin/bin/../../lib/gcc/pic32mx/4.8.3/../../../../pic32mx/lib\libpic32.a(vector1.o)
                0x9fc01220                __vector_dispatch_1
                0x00000001                ASSERT (((_vector_spacing == 0x0) || (SIZEOF (.vector_1) <= (_vector_spacing << 0x5))), function at exception vector 1 too large)

.vector_2       0x9fc01240        0x8
 *(.vector_2)
 .vector_2      0x9fc01240        0x8 c:/program files (x86)/microchip/xc32/v2.10/bin/bin/../../lib/gcc/pic32mx/4.8.3/../../../../pic32mx/lib\libpic32.a(vector2.o)
                0x9fc01240                __vector_dispatch_2
                0x00000001                ASSERT (((_vector_spacing == 0x0) || (SIZEOF (.vector_2) <= (_vector_spacing << 0x5))), function at exception vector 2 too large)

.vector_3       0x9fc01260        0x8
 *(.vector_3)
 .vector_3      0x9fc01260        0x8 c:/program files (x86)/microchip/xc32/v2.10/bin/bin/../../lib/gcc/pic32mx/4.8.3/../../../../pic32mx/lib\libpic32.a(vector3.o)
                0x9fc01260                __vector_dispatch_3
                0x00000001                ASSERT (((_vector_spacing == 0x0) || (SIZEOF (.vector_3) <= (_vector_spacing << 0x5))), function at exception vector 3 too large)

.vector_4       0x9fc01280        0x8
 *(.vector_4)
 .vector_4      0x9fc01280        0x8 build/MX450_BASIC_DEMO0/production/_ext/1823359670/system_interrupt.o
                0x9fc01280                __vector_dispatch_4
                0x00000001                ASSERT (((_vector_spacing == 0x0) || (SIZEOF (.vector_4) <= (_vector_spacing << 0x5))), function at exception vector 4 too large)

.vector_5       0x9fc012a0        0x8
 *(.vector_5)
 .vector_5      0x9fc012a0        0x8 c:/program files (x86)/microchip/xc32/v2.10/bin/bin/../../lib/gcc/pic32mx/4.8.3/../../../../pic32mx/lib\libpic32.a(vector5.o)
                0x9fc012a0                __vector_dispatch_5
                0x00000001                ASSERT (((_vector_spacing == 0x0) || (SIZEOF (.vector_5) <= (_vector_spacing << 0x5))), function at exception vector 5 too large)

.vector_6       0x9fc012c0        0x8
 *(.vector_6)
 .vector_6      0x9fc012c0        0x8 c:/program files (x86)/microchip/xc32/v2.10/bin/bin/../../lib/gcc/pic32mx/4.8.3/../../../../pic32mx/lib\libpic32.a(vector6.o)
                0x9fc012c0                __vector_dispatch_6
                0x00000001                ASSERT (((_vector_spacing == 0x0) || (SIZEOF (.vector_6) <= (_vector_spacing << 0x5))), function at exception vector 6 too large)

.vector_7       0x9fc012e0        0x8
 *(.vector_7)
 .vector_7      0x9fc012e0        0x8 c:/program files (x86)/microchip/xc32/v2.10/bin/bin/../../lib/gcc/pic32mx/4.8.3/../../../../pic32mx/lib\libpic32.a(vector7.o)
                0x9fc012e0                __vector_dispatch_7
                0x00000001                ASSERT (((_vector_spacing == 0x0) || (SIZEOF (.vector_7) <= (_vector_spacing << 0x5))), function at exception vector 7 too large)

.vector_8       0x9fc01300        0x8
 *(.vector_8)
 .vector_8      0x9fc01300        0x8 build/MX450_BASIC_DEMO0/production/_ext/1823359670/system_interrupt.o
                0x9fc01300                __vector_dispatch_8
                0x00000001                ASSERT (((_vector_spacing == 0x0) || (SIZEOF (.vector_8) <= (_vector_spacing << 0x5))), function at exception vector 8 too large)

.vector_9       0x9fc01320        0x8
 *(.vector_9)
 .vector_9      0x9fc01320        0x8 c:/program files (x86)/microchip/xc32/v2.10/bin/bin/../../lib/gcc/pic32mx/4.8.3/../../../../pic32mx/lib\libpic32.a(vector9.o)
                0x9fc01320                __vector_dispatch_9
                0x00000001                ASSERT (((_vector_spacing == 0x0) || (SIZEOF (.vector_9) <= (_vector_spacing << 0x5))), function at exception vector 9 too large)

.vector_10      0x9fc01340        0x8
 *(.vector_10)
 .vector_10     0x9fc01340        0x8 c:/program files (x86)/microchip/xc32/v2.10/bin/bin/../../lib/gcc/pic32mx/4.8.3/../../../../pic32mx/lib\libpic32.a(vector10.o)
                0x9fc01340                __vector_dispatch_10
                0x00000001                ASSERT (((_vector_spacing == 0x0) || (SIZEOF (.vector_10) <= (_vector_spacing << 0x5))), function at exception vector 10 too large)

.vector_11      0x9fc01360        0x8
 *(.vector_11)
 .vector_11     0x9fc01360        0x8 c:/program files (x86)/microchip/xc32/v2.10/bin/bin/../../lib/gcc/pic32mx/4.8.3/../../../../pic32mx/lib\libpic32.a(vector11.o)
                0x9fc01360                __vector_dispatch_11
                0x00000001                ASSERT (((_vector_spacing == 0x0) || (SIZEOF (.vector_11) <= (_vector_spacing << 0x5))), function at exception vector 11 too large)

.vector_12      0x9fc01380        0x8
 *(.vector_12)
 .vector_12     0x9fc01380        0x8 c:/program files (x86)/microchip/xc32/v2.10/bin/bin/../../lib/gcc/pic32mx/4.8.3/../../../../pic32mx/lib\libpic32.a(vector12.o)
                0x9fc01380                __vector_dispatch_12
                0x00000001                ASSERT (((_vector_spacing == 0x0) || (SIZEOF (.vector_12) <= (_vector_spacing << 0x5))), function at exception vector 12 too large)

.vector_13      0x9fc013a0        0x8
 *(.vector_13)
 .vector_13     0x9fc013a0        0x8 c:/program files (x86)/microchip/xc32/v2.10/bin/bin/../../lib/gcc/pic32mx/4.8.3/../../../../pic32mx/lib\libpic32.a(vector13.o)
                0x9fc013a0                __vector_dispatch_13
                0x00000001                ASSERT (((_vector_spacing == 0x0) || (SIZEOF (.vector_13) <= (_vector_spacing << 0x5))), function at exception vector 13 too large)

.vector_14      0x9fc013c0        0x8
 *(.vector_14)
 .vector_14     0x9fc013c0        0x8 c:/program files (x86)/microchip/xc32/v2.10/bin/bin/../../lib/gcc/pic32mx/4.8.3/../../../../pic32mx/lib\libpic32.a(vector14.o)
                0x9fc013c0                __vector_dispatch_14
                0x00000001                ASSERT (((_vector_spacing == 0x0) || (SIZEOF (.vector_14) <= (_vector_spacing << 0x5))), function at exception vector 14 too large)

.vector_15      0x9fc013e0        0x8
 *(.vector_15)
 .vector_15     0x9fc013e0        0x8 c:/program files (x86)/microchip/xc32/v2.10/bin/bin/../../lib/gcc/pic32mx/4.8.3/../../../../pic32mx/lib\libpic32.a(vector15.o)
                0x9fc013e0                __vector_dispatch_15
                0x00000001                ASSERT (((_vector_spacing == 0x0) || (SIZEOF (.vector_15) <= (_vector_spacing << 0x5))), function at exception vector 15 too large)

.vector_16      0x9fc01400        0x8
 *(.vector_16)
 .vector_16     0x9fc01400        0x8 c:/program files (x86)/microchip/xc32/v2.10/bin/bin/../../lib/gcc/pic32mx/4.8.3/../../../../pic32mx/lib\libpic32.a(vector16.o)
                0x9fc01400                __vector_dispatch_16
                0x00000001                ASSERT (((_vector_spacing == 0x0) || (SIZEOF (.vector_16) <= (_vector_spacing << 0x5))), function at exception vector 16 too large)

.vector_17      0x9fc01420        0x8
 *(.vector_17)
 .vector_17     0x9fc01420        0x8 c:/program files (x86)/microchip/xc32/v2.10/bin/bin/../../lib/gcc/pic32mx/4.8.3/../../../../pic32mx/lib\libpic32.a(vector17.o)
                0x9fc01420                __vector_dispatch_17
                0x00000001                ASSERT (((_vector_spacing == 0x0) || (SIZEOF (.vector_17) <= (_vector_spacing << 0x5))), function at exception vector 17 too large)

.vector_18      0x9fc01440        0x8
 *(.vector_18)
 .vector_18     0x9fc01440        0x8 c:/program files (x86)/microchip/xc32/v2.10/bin/bin/../../lib/gcc/pic32mx/4.8.3/../../../../pic32mx/lib\libpic32.a(vector18.o)
                0x9fc01440                __vector_dispatch_18
                0x00000001                ASSERT (((_vector_spacing == 0x0) || (SIZEOF (.vector_18) <= (_vector_spacing << 0x5))), function at exception vector 18 too large)

.vector_19      0x9fc01460        0x8
 *(.vector_19)
 .vector_19     0x9fc01460        0x8 c:/program files (x86)/microchip/xc32/v2.10/bin/bin/../../lib/gcc/pic32mx/4.8.3/../../../../pic32mx/lib\libpic32.a(vector19.o)
                0x9fc01460                __vector_dispatch_19
                0x00000001                ASSERT (((_vector_spacing == 0x0) || (SIZEOF (.vector_19) <= (_vector_spacing << 0x5))), function at exception vector 19 too large)

.vector_20      0x9fc01480        0x8
 *(.vector_20)
 .vector_20     0x9fc01480        0x8 c:/program files (x86)/microchip/xc32/v2.10/bin/bin/../../lib/gcc/pic32mx/4.8.3/../../../../pic32mx/lib\libpic32.a(vector20.o)
                0x9fc01480                __vector_dispatch_20
                0x00000001                ASSERT (((_vector_spacing == 0x0) || (SIZEOF (.vector_20) <= (_vector_spacing << 0x5))), function at exception vector 20 too large)

.vector_21      0x9fc014a0        0x8
 *(.vector_21)
 .vector_21     0x9fc014a0        0x8 c:/program files (x86)/microchip/xc32/v2.10/bin/bin/../../lib/gcc/pic32mx/4.8.3/../../../../pic32mx/lib\libpic32.a(vector21.o)
                0x9fc014a0                __vector_dispatch_21
                0x00000001                ASSERT (((_vector_spacing == 0x0) || (SIZEOF (.vector_21) <= (_vector_spacing << 0x5))), function at exception vector 21 too large)

.vector_22      0x9fc014c0        0x8
 *(.vector_22)
 .vector_22     0x9fc014c0        0x8 c:/program files (x86)/microchip/xc32/v2.10/bin/bin/../../lib/gcc/pic32mx/4.8.3/../../../../pic32mx/lib\libpic32.a(vector22.o)
                0x9fc014c0                __vector_dispatch_22
                0x00000001                ASSERT (((_vector_spacing == 0x0) || (SIZEOF (.vector_22) <= (_vector_spacing << 0x5))), function at exception vector 22 too large)

.vector_23      0x9fc014e0        0x8
 *(.vector_23)
 .vector_23     0x9fc014e0        0x8 c:/program files (x86)/microchip/xc32/v2.10/bin/bin/../../lib/gcc/pic32mx/4.8.3/../../../../pic32mx/lib\libpic32.a(vector23.o)
                0x9fc014e0                __vector_dispatch_23
                0x00000001                ASSERT (((_vector_spacing == 0x0) || (SIZEOF (.vector_23) <= (_vector_spacing << 0x5))), function at exception vector 23 too large)

.vector_24      0x9fc01500        0x8
 *(.vector_24)
 .vector_24     0x9fc01500        0x8 c:/program files (x86)/microchip/xc32/v2.10/bin/bin/../../lib/gcc/pic32mx/4.8.3/../../../../pic32mx/lib\libpic32.a(vector24.o)
                0x9fc01500                __vector_dispatch_24
                0x00000001                ASSERT (((_vector_spacing == 0x0) || (SIZEOF (.vector_24) <= (_vector_spacing << 0x5))), function at exception vector 24 too large)

.vector_25      0x9fc01520        0x8
 *(.vector_25)
 .vector_25     0x9fc01520        0x8 c:/program files (x86)/microchip/xc32/v2.10/bin/bin/../../lib/gcc/pic32mx/4.8.3/../../../../pic32mx/lib\libpic32.a(vector25.o)
                0x9fc01520                __vector_dispatch_25
                0x00000001                ASSERT (((_vector_spacing == 0x0) || (SIZEOF (.vector_25) <= (_vector_spacing << 0x5))), function at exception vector 25 too large)

.vector_26      0x9fc01540        0x8
 *(.vector_26)
 .vector_26     0x9fc01540        0x8 c:/program files (x86)/microchip/xc32/v2.10/bin/bin/../../lib/gcc/pic32mx/4.8.3/../../../../pic32mx/lib\libpic32.a(vector26.o)
                0x9fc01540                __vector_dispatch_26
                0x00000001                ASSERT (((_vector_spacing == 0x0) || (SIZEOF (.vector_26) <= (_vector_spacing << 0x5))), function at exception vector 26 too large)

.vector_27      0x9fc01560        0x8
 *(.vector_27)
 .vector_27     0x9fc01560        0x8 c:/program files (x86)/microchip/xc32/v2.10/bin/bin/../../lib/gcc/pic32mx/4.8.3/../../../../pic32mx/lib\libpic32.a(vector27.o)
                0x9fc01560                __vector_dispatch_27
                0x00000001                ASSERT (((_vector_spacing == 0x0) || (SIZEOF (.vector_27) <= (_vector_spacing << 0x5))), function at exception vector 27 too large)

.vector_28      0x9fc01580        0x8
 *(.vector_28)
 .vector_28     0x9fc01580        0x8 c:/program files (x86)/microchip/xc32/v2.10/bin/bin/../../lib/gcc/pic32mx/4.8.3/../../../../pic32mx/lib\libpic32.a(vector28.o)
                0x9fc01580                __vector_dispatch_28
                0x00000001                ASSERT (((_vector_spacing == 0x0) || (SIZEOF (.vector_28) <= (_vector_spacing << 0x5))), function at exception vector 28 too large)

.vector_29      0x9fc015a0        0x8
 *(.vector_29)
 .vector_29     0x9fc015a0        0x8 c:/program files (x86)/microchip/xc32/v2.10/bin/bin/../../lib/gcc/pic32mx/4.8.3/../../../../pic32mx/lib\libpic32.a(vector29.o)
                0x9fc015a0                __vector_dispatch_29
                0x00000001                ASSERT (((_vector_spacing == 0x0) || (SIZEOF (.vector_29) <= (_vector_spacing << 0x5))), function at exception vector 29 too large)

.vector_30      0x9fc015c0        0x8
 *(.vector_30)
 .vector_30     0x9fc015c0        0x8 c:/program files (x86)/microchip/xc32/v2.10/bin/bin/../../lib/gcc/pic32mx/4.8.3/../../../../pic32mx/lib\libpic32.a(vector30.o)
                0x9fc015c0                __vector_dispatch_30
                0x00000001                ASSERT (((_vector_spacing == 0x0) || (SIZEOF (.vector_30) <= (_vector_spacing << 0x5))), function at exception vector 30 too large)

.vector_31      0x9fc015e0        0x8
 *(.vector_31)
 .vector_31     0x9fc015e0        0x8 build/MX450_BASIC_DEMO0/production/_ext/1823359670/system_interrupt.o
                0x9fc015e0                __vector_dispatch_31
                0x00000001                ASSERT (((_vector_spacing == 0x0) || (SIZEOF (.vector_31) <= (_vector_spacing << 0x5))), function at exception vector 31 too large)

.vector_32      0x9fc01600        0x8
 *(.vector_32)
 .vector_32     0x9fc01600        0x8 build/MX450_BASIC_DEMO0/production/_ext/1823359670/system_interrupt.o
                0x9fc01600                __vector_dispatch_32
                0x00000001                ASSERT (((_vector_spacing == 0x0) || (SIZEOF (.vector_32) <= (_vector_spacing << 0x5))), function at exception vector 32 too large)

.vector_33      0x9fc01620        0x8
 *(.vector_33)
 .vector_33     0x9fc01620        0x8 c:/program files (x86)/microchip/xc32/v2.10/bin/bin/../../lib/gcc/pic32mx/4.8.3/../../../../pic32mx/lib\libpic32.a(vector33.o)
                0x9fc01620                __vector_dispatch_33
                0x00000001                ASSERT (((_vector_spacing == 0x0) || (SIZEOF (.vector_33) <= (_vector_spacing << 0x5))), function at exception vector 33 too large)

.vector_34      0x9fc01640        0x8
 *(.vector_34)
 .vector_34     0x9fc01640        0x8 c:/program files (x86)/microchip/xc32/v2.10/bin/bin/../../lib/gcc/pic32mx/4.8.3/../../../../pic32mx/lib\libpic32.a(vector34.o)
                0x9fc01640                __vector_dispatch_34
                0x00000001                ASSERT (((_vector_spacing == 0x0) || (SIZEOF (.vector_34) <= (_vector_spacing << 0x5))), function at exception vector 34 too large)

.vector_35      0x9fc01660        0x8
 *(.vector_35)
 .vector_35     0x9fc01660        0x8 c:/program files (x86)/microchip/xc32/v2.10/bin/bin/../../lib/gcc/pic32mx/4.8.3/../../../../pic32mx/lib\libpic32.a(vector35.o)
                0x9fc01660                __vector_dispatch_35
                0x00000001                ASSERT (((_vector_spacing == 0x0) || (SIZEOF (.vector_35) <= (_vector_spacing << 0x5))), function at exception vector 35 too large)

.vector_36      0x9fc01680        0x8
 *(.vector_36)
 .vector_36     0x9fc01680        0x8 c:/program files (x86)/microchip/xc32/v2.10/bin/bin/../../lib/gcc/pic32mx/4.8.3/../../../../pic32mx/lib\libpic32.a(vector36.o)
                0x9fc01680                __vector_dispatch_36
                0x00000001                ASSERT (((_vector_spacing == 0x0) || (SIZEOF (.vector_36) <= (_vector_spacing << 0x5))), function at exception vector 36 too large)

.vector_37      0x9fc016a0        0x8
 *(.vector_37)
 .vector_37     0x9fc016a0        0x8 c:/program files (x86)/microchip/xc32/v2.10/bin/bin/../../lib/gcc/pic32mx/4.8.3/../../../../pic32mx/lib\libpic32.a(vector37.o)
                0x9fc016a0                __vector_dispatch_37
                0x00000001                ASSERT (((_vector_spacing == 0x0) || (SIZEOF (.vector_37) <= (_vector_spacing << 0x5))), function at exception vector 37 too large)

.vector_38      0x9fc016c0        0x8
 *(.vector_38)
 .vector_38     0x9fc016c0        0x8 c:/program files (x86)/microchip/xc32/v2.10/bin/bin/../../lib/gcc/pic32mx/4.8.3/../../../../pic32mx/lib\libpic32.a(vector38.o)
                0x9fc016c0                __vector_dispatch_38
                0x00000001                ASSERT (((_vector_spacing == 0x0) || (SIZEOF (.vector_38) <= (_vector_spacing << 0x5))), function at exception vector 38 too large)

.vector_39      0x9fc016e0        0x8
 *(.vector_39)
 .vector_39     0x9fc016e0        0x8 c:/program files (x86)/microchip/xc32/v2.10/bin/bin/../../lib/gcc/pic32mx/4.8.3/../../../../pic32mx/lib\libpic32.a(vector39.o)
                0x9fc016e0                __vector_dispatch_39
                0x00000001                ASSERT (((_vector_spacing == 0x0) || (SIZEOF (.vector_39) <= (_vector_spacing << 0x5))), function at exception vector 39 too large)

.vector_40      0x9fc01700        0x8
 *(.vector_40)
 .vector_40     0x9fc01700        0x8 c:/program files (x86)/microchip/xc32/v2.10/bin/bin/../../lib/gcc/pic32mx/4.8.3/../../../../pic32mx/lib\libpic32.a(vector40.o)
                0x9fc01700                __vector_dispatch_40
                0x00000001                ASSERT (((_vector_spacing == 0x0) || (SIZEOF (.vector_40) <= (_vector_spacing << 0x5))), function at exception vector 40 too large)

.vector_41      0x9fc01720        0x8
 *(.vector_41)
 .vector_41     0x9fc01720        0x8 c:/program files (x86)/microchip/xc32/v2.10/bin/bin/../../lib/gcc/pic32mx/4.8.3/../../../../pic32mx/lib\libpic32.a(vector41.o)
                0x9fc01720                __vector_dispatch_41
                0x00000001                ASSERT (((_vector_spacing == 0x0) || (SIZEOF (.vector_41) <= (_vector_spacing << 0x5))), function at exception vector 41 too large)

.vector_42      0x9fc01740        0x8
 *(.vector_42)
 .vector_42     0x9fc01740        0x8 c:/program files (x86)/microchip/xc32/v2.10/bin/bin/../../lib/gcc/pic32mx/4.8.3/../../../../pic32mx/lib\libpic32.a(vector42.o)
                0x9fc01740                __vector_dispatch_42
                0x00000001                ASSERT (((_vector_spacing == 0x0) || (SIZEOF (.vector_42) <= (_vector_spacing << 0x5))), function at exception vector 42 too large)

.vector_43      0x9fc01760        0x8
 *(.vector_43)
 .vector_43     0x9fc01760        0x8 c:/program files (x86)/microchip/xc32/v2.10/bin/bin/../../lib/gcc/pic32mx/4.8.3/../../../../pic32mx/lib\libpic32.a(vector43.o)
                0x9fc01760                __vector_dispatch_43
                0x00000001                ASSERT (((_vector_spacing == 0x0) || (SIZEOF (.vector_43) <= (_vector_spacing << 0x5))), function at exception vector 43 too large)

.vector_44      0x9fc01780        0x8
 *(.vector_44)
 .vector_44     0x9fc01780        0x8 c:/program files (x86)/microchip/xc32/v2.10/bin/bin/../../lib/gcc/pic32mx/4.8.3/../../../../pic32mx/lib\libpic32.a(vector44.o)
                0x9fc01780                __vector_dispatch_44
                0x00000001                ASSERT (((_vector_spacing == 0x0) || (SIZEOF (.vector_44) <= (_vector_spacing << 0x5))), function at exception vector 44 too large)

.vector_45      0x9fc017a0        0x8
 *(.vector_45)
 .vector_45     0x9fc017a0        0x8 c:/program files (x86)/microchip/xc32/v2.10/bin/bin/../../lib/gcc/pic32mx/4.8.3/../../../../pic32mx/lib\libpic32.a(vector45.o)
                0x9fc017a0                __vector_dispatch_45
                0x00000001                ASSERT (((_vector_spacing == 0x0) || (SIZEOF (.vector_45) <= (_vector_spacing << 0x5))), function at exception vector 45 too large)

.vector_46      0x9fc017c0        0x0
 *(.vector_46)
                0x00000001                ASSERT (((_vector_spacing == 0x0) || (SIZEOF (.vector_46) <= (_vector_spacing << 0x5))), function at exception vector 46 too large)

.vector_47      0x9fc017e0        0x0
 *(.vector_47)
                0x00000001                ASSERT (((_vector_spacing == 0x0) || (SIZEOF (.vector_47) <= (_vector_spacing << 0x5))), function at exception vector 47 too large)

.vector_48      0x9fc01800        0x0
 *(.vector_48)
                0x00000001                ASSERT (((_vector_spacing == 0x0) || (SIZEOF (.vector_48) <= (_vector_spacing << 0x5))), function at exception vector 48 too large)

.vector_49      0x9fc01820        0x0
 *(.vector_49)
                0x00000001                ASSERT (((_vector_spacing == 0x0) || (SIZEOF (.vector_49) <= (_vector_spacing << 0x5))), function at exception vector 49 too large)

.vector_50      0x9fc01840        0x0
 *(.vector_50)
                0x00000001                ASSERT (((_vector_spacing == 0x0) || (SIZEOF (.vector_50) <= (_vector_spacing << 0x5))), function at exception vector 50 too large)

.vector_51      0x9fc01860        0x0
 *(.vector_51)
                0x00000001                ASSERT (((_vector_spacing == 0x0) || (SIZEOF (.vector_51) <= (_vector_spacing << 0x5))), function at exception vector 51 too large)

.vector_52      0x9fc01880        0x0
 *(.vector_52)
                0x00000001                ASSERT (((_vector_spacing == 0x0) || (SIZEOF (.vector_52) <= (_vector_spacing << 0x5))), function at exception vector 52 too large)

.vector_53      0x9fc018a0        0x0
 *(.vector_53)
                0x00000001                ASSERT (((_vector_spacing == 0x0) || (SIZEOF (.vector_53) <= (_vector_spacing << 0x5))), function at exception vector 53 too large)

.vector_54      0x9fc018c0        0x0
 *(.vector_54)
                0x00000001                ASSERT (((_vector_spacing == 0x0) || (SIZEOF (.vector_54) <= (_vector_spacing << 0x5))), function at exception vector 54 too large)

.vector_55      0x9fc018e0        0x0
 *(.vector_55)
                0x00000001                ASSERT (((_vector_spacing == 0x0) || (SIZEOF (.vector_55) <= (_vector_spacing << 0x5))), function at exception vector 55 too large)

.vector_56      0x9fc01900        0x0
 *(.vector_56)
                0x00000001                ASSERT (((_vector_spacing == 0x0) || (SIZEOF (.vector_56) <= (_vector_spacing << 0x5))), function at exception vector 56 too large)

.vector_57      0x9fc01920        0x0
 *(.vector_57)
                0x00000001                ASSERT (((_vector_spacing == 0x0) || (SIZEOF (.vector_57) <= (_vector_spacing << 0x5))), function at exception vector 57 too large)

.vector_58      0x9fc01940        0x0
 *(.vector_58)
                0x00000001                ASSERT (((_vector_spacing == 0x0) || (SIZEOF (.vector_58) <= (_vector_spacing << 0x5))), function at exception vector 58 too large)

.vector_59      0x9fc01960        0x0
 *(.vector_59)
                0x00000001                ASSERT (((_vector_spacing == 0x0) || (SIZEOF (.vector_59) <= (_vector_spacing << 0x5))), function at exception vector 59 too large)

.vector_60      0x9fc01980        0x0
 *(.vector_60)
                0x00000001                ASSERT (((_vector_spacing == 0x0) || (SIZEOF (.vector_60) <= (_vector_spacing << 0x5))), function at exception vector 60 too large)

.vector_61      0x9fc019a0        0x0
 *(.vector_61)
                0x00000001                ASSERT (((_vector_spacing == 0x0) || (SIZEOF (.vector_61) <= (_vector_spacing << 0x5))), function at exception vector 61 too large)

.vector_62      0x9fc019c0        0x0
 *(.vector_62)
                0x00000001                ASSERT (((_vector_spacing == 0x0) || (SIZEOF (.vector_62) <= (_vector_spacing << 0x5))), function at exception vector 62 too large)

.vector_63      0x9fc019e0        0x0
 *(.vector_63)
                0x00000001                ASSERT (((_vector_spacing == 0x0) || (SIZEOF (.vector_63) <= (_vector_spacing << 0x5))), function at exception vector 63 too large)

.startup
 *(.startup)

.text           0x9d000000        0x0
 *(.stub .gnu.linkonce.t.*)
 *(.text.*personality*)
 *(.mips16.fn.*)
 *(.mips16.call.*)
 *(.gnu.warning)
                0x9d000000                . = ALIGN (0x4)

.init           0x9d000000        0x0
 *crti.o(.init)
 *crtbegin.o(.init)
 *(EXCLUDE_FILE(*crtn.o *crtend?.o *crtend.o) .init)
 *crtend.o(.init)
 *crtn.o(.init)
                0x9d000000                . = ALIGN (0x4)

.fini           0x9d000000        0x0
 *(.fini)
                0x9d000000                . = ALIGN (0x4)

.preinit_array  0x9d000000        0x0
                0x9d000000                PROVIDE (__preinit_array_start, .)
 *(.preinit_array)
                0x9d000000                PROVIDE (__preinit_array_end, .)
                0x9d000000                . = ALIGN (0x4)

.init_array     0x9d000000        0x0
                0x9d000000                PROVIDE (__init_array_start, .)
 *(SORT(.init_array.*))
 *(.init_array)
                0x9d000000                PROVIDE (__init_array_end, .)
                0x9d000000                . = ALIGN (0x4)

.fini_array     0x9d000000        0x0
                0x9d000000                PROVIDE (__fini_array_start, .)
 *(SORT(.fini_array.*))
 *(.fini_array)
                0x9d000000                PROVIDE (__fini_array_end, .)
                0x9d000000                . = ALIGN (0x4)

.ctors          0x9d000000        0x0
 *crtbegin.o(.ctors)
 *crtbegin?.o(.ctors)
 *(EXCLUDE_FILE(*crtend?.o *crtend.o) .ctors)
 *(SORT(.ctors.*))
 *(.ctors)
                0x9d000000                . = ALIGN (0x4)

.dtors          0x9d000000        0x0
 *crtbegin.o(.dtors)
 *crtbegin?.o(.dtors)
 *(EXCLUDE_FILE(*crtend?.o *crtend.o) .dtors)
 *(SORT(.dtors.*))
 *(.dtors)
                0x9d000000                . = ALIGN (0x4)

.rodata         0x9d000000        0x0
 *(.gnu.linkonce.r.*)
 *(.rodata1)
                0x9d000000                . = ALIGN (0x4)

.sdata2         0x9fc00490        0x0
 *(.sdata2 .sdata2.* .gnu.linkonce.s2.*)
                0x9fc00490                . = ALIGN (0x4)

.sbss2          0x9fc00490        0x0
 *(.sbss2 .sbss2.* .gnu.linkonce.sb2.*)
                0x9fc00490                . = ALIGN (0x4)

.eh_frame_hdr
 *(.eh_frame_hdr)
                0x9fc00490                . = ALIGN (0x4)

.eh_frame
 *(.eh_frame)
                0x9fc00490                . = ALIGN (0x4)

.gcc_except_table
 *(.gcc_except_table .gcc_except_table.*)
                0x9fc00490                . = ALIGN (0x4)

.dbg_data       0xa0000000        0x0
                0xa0000000                . = (. + DEFINED (_DEBUGGER)?0x200:0x0)

.jcr            0xa0000000        0x0
 *(.jcr)
                0xa0000000                . = ALIGN (0x4)

.eh_frame
 *(.eh_frame)
                0xa0000000                . = ALIGN (0x4)

.gcc_except_table
 *(.gcc_except_table .gcc_except_table.*)
                0xa0000000                . = ALIGN (0x4)

.persist        0xa0000000        0x0
                0xa0000000                _persist_begin = .
 *(.persist .persist.*)
 *(.pbss .pbss.*)
                0xa0000000                . = ALIGN (0x4)
                0xa0000000                _persist_end = .

.data           0xa0000000        0x0
 *(.gnu.linkonce.d.*)
 *(.data1)
                0xa0000000                . = ALIGN (0x4)
                0xa0000000                . = .
                0xa0007ff0                _gp = (ALIGN (0x10) + 0x7ff0)

.got            0xa0000000        0x0
 *(.got.plt)
 *(.got)
                0xa0000000                . = ALIGN (0x4)

.sdata          0xa0000000        0x4
                0xa0000000                _sdata_begin = .
 *(.sdata .sdata.* .gnu.linkonce.s.*)
 .sdata         0xa0000000        0x1 build/MX450_BASIC_DEMO0/production/_ext/1205520658/bt_app.o
                0xa0000000                BT_bleAdvFeature
                0xa0000004                . = ALIGN (0x4)
 *fill*         0xa0000001        0x3 
                0xa0000004                _sdata_end = .

.lit8
 *(.lit8)

.lit4
 *(.lit4)
                0xa0000004                . = ALIGN (0x4)
                0xa0000004                _data_end = .
                0xa0000004                _bss_begin = .

.sbss           0xa0000004       0xd0
                0xa0000004                _sbss_begin = .
 *(.dynsbss)
 *(.sbss .sbss.* .gnu.linkonce.sb.*)
 .sbss          0xa0000004        0x6 build/MX450_BASIC_DEMO0/production/_ext/823550626/drv_i2c_static_buffer_model.o
                0xa0000004                QueueDelta_0
                0xa0000006                QueueOut_0
                0xa0000008                QueueIn_0
 .sbss          0xa000000a        0x2 build/MX450_BASIC_DEMO0/production/_ext/2052027997/drv_tmr_static.o
 .sbss          0xa000000c        0xc build/MX450_BASIC_DEMO0/production/_ext/1823359670/system_exceptions.o
 .sbss          0xa0000018        0xc build/MX450_BASIC_DEMO0/production/_ext/1205520658/bt_data.o
 .sbss          0xa0000024        0x1 build/MX450_BASIC_DEMO0/production/_ext/1205520658/key.o
                0xa0000024                keyTimer
 *fill*         0xa0000025        0x3 
 .sbss          0xa0000028       0x14 build/MX450_BASIC_DEMO0/production/_ext/1634889738/bt_command_decode.o
 .sbss          0xa000003c        0xc build/MX450_BASIC_DEMO0/production/_ext/1634889738/bt_command_send.o
 .sbss          0xa0000048        0xa build/MX450_BASIC_DEMO0/production/_ext/1634889738/bt_line_in.o
                0xa0000048                lineInCmdSendReq
 *fill*         0xa0000052        0x2 
 .sbss          0xa0000054        0x4 build/MX450_BASIC_DEMO0/production/_ext/2146212583/sta369bwdsp_handler.o
                0xa0000054                I2C_bufferHandle
 *(.scommon)
 .scommon       0xa0000058       0x10 build/MX450_BASIC_DEMO0/production/_ext/823550626/drv_i2c_static_buffer_model.o
                0xa0000058                i2c0ClientObj
                0xa0000060                i2c0State
                0xa0000064                lBufferObj0
 .scommon       0xa0000068        0x0 build/MX450_BASIC_DEMO0/production/_ext/382828169/drv_usart_static.o
                0xa0000068                gDrvUSART0Obj
 .scommon       0xa0000068        0xc build/MX450_BASIC_DEMO0/production/_ext/1360937237/app.o
                0xa0000068                UART_Handle
                0xa000006c                I2C_Handle
                0xa0000070                appData
 .scommon       0xa0000074       0x22 build/MX450_BASIC_DEMO0/production/_ext/1205520658/bt_app.o
                0xa0000074                BLE_advType
                0xa0000078                BTAPP_TaskState
                0xa000007c                BTAPP_Ports
                0xa0000080                multiSpk_eq_route
                0xa0000084                BTEQ_SendIndex
                0xa0000086                BTEQ_timer1ms
                0xa0000088                BT_groupLinkEvent
                0xa0000089                BT_groupstatus
                0xa000008a                BTEQ_RecIndex
                0xa000008b                BTAPP_TaskRequest
                0xa000008c                BT_btmState
                0xa000008e                BTAPP_timer1ms
                0xa0000090                BT_MasterAddr
 *fill*         0xa0000096        0x2 
 .scommon       0xa0000098        0xc build/MX450_BASIC_DEMO0/production/_ext/1205520658/bt_data.o
                0xa0000098                SPPiAP_LinkStatus
                0xa000009c                BLE_LinkStatus
 .scommon       0xa00000a4        0x1 build/MX450_BASIC_DEMO0/production/_ext/1205520658/bt_hardware_profile.o
                0xa00000a4                UartTxIntrStatus
 *fill*         0xa00000a5        0x3 
 .scommon       0xa00000a8        0x4 build/MX450_BASIC_DEMO0/production/_ext/1634889738/bt_a2dp.o
                0xa00000a8                BTM_A2DPLinkStatus
 .scommon       0xa00000ac        0x1 build/MX450_BASIC_DEMO0/production/_ext/1634889738/bt_command_decode.o
                0xa00000ac                BT_CmdDecodedFlag
 *fill*         0xa00000ad        0x3 
 .scommon       0xa00000b0        0x6 build/MX450_BASIC_DEMO0/production/_ext/1634889738/bt_command_send.o
                0xa00000b0                BT_CMD_SendState
                0xa00000b4                BT_CommandSendTimer
 *fill*         0xa00000b6        0x2 
 .scommon       0xa00000b8        0x8 build/MX450_BASIC_DEMO0/production/_ext/1634889738/bt_hfp.o
                0xa00000b8                BTM_HFPLinkStatus
                0xa00000bc                BT_CallStatus
 .scommon       0xa00000c0        0x4 build/MX450_BASIC_DEMO0/production/_ext/1634889738/bt_line_in.o
                0xa00000c0                LineInStatus
 .scommon       0xa00000c4        0x6 build/MX450_BASIC_DEMO0/production/_ext/2146212583/sta369bwdsp_handler.o
                0xa00000c4                ext_dsp_vol
                0xa00000c5                ram_bank_bak
                0xa00000c6                sta369bw_state
                0xa00000c7                I2C_limitedTimer
                0xa00000c8                DSP_Timer
 *fill*         0xa00000ca        0x2 
 .scommon       0xa00000cc        0x8 build/MX450_BASIC_DEMO0/production/_ext/912498863/sys_devcon.o
                0xa00000cc                sysDevconObj
                0xa00000d4                _sbss_end = .
                0xa00000d4                . = ALIGN (0x4)

.bss            0xa00000d4      0x2c4
 *(.dynbss)
 *(COMMON)
 COMMON         0xa00000d4       0x2c build/MX450_BASIC_DEMO0/production/_ext/823550626/drv_i2c_static_buffer_model.o
                0xa00000d4                i2c0Obj
 COMMON         0xa0000100       0x10 build/MX450_BASIC_DEMO0/production/_ext/1823359670/system_init.o
                0xa0000100                sysObj
 COMMON         0xa0000110       0x84 build/MX450_BASIC_DEMO0/production/_ext/1205520658/bt_app.o
                0xa0000110                dspEQ
                0xa000016c                BT_deviceName
                0xa0000180                BTAPP_Status
 COMMON         0xa0000194       0x40 build/MX450_BASIC_DEMO0/production/_ext/1205520658/key.o
                0xa0000194                keyState
 COMMON         0xa00001d4       0x60 build/MX450_BASIC_DEMO0/production/_ext/1205520658/led.o
                0xa00001d4                LED
 COMMON         0xa0000234        0xc build/MX450_BASIC_DEMO0/production/_ext/1634889738/bt_a2dp.o
                0xa0000234                BTM_A2DPStatus
 COMMON         0xa0000240       0xc8 build/MX450_BASIC_DEMO0/production/_ext/1634889738/bt_command_decode.o
                0xa0000240                BT_CmdBuffer
 COMMON         0xa0000308       0x1c build/MX450_BASIC_DEMO0/production/_ext/1634889738/bt_multi_spk.o
                0xa0000308                BT_eCSBStatus
 COMMON         0xa0000324       0x10 build/MX450_BASIC_DEMO0/production/_ext/1634889738/bt_volume.o
                0xa0000324                BTAPP_Volume
 COMMON         0xa0000334       0x61 build/MX450_BASIC_DEMO0/production/_ext/2146212583/sta369bwdsp_handler.o
                0xa0000334                sta_data_buff
                0xa0000348                sta369RegSet
                0xa0000398                . = ALIGN ((. != 0x0)?0x4:0x1)
 *fill*         0xa0000395        0x3 
                0xa0000398                . = ALIGN (0x4)
                0xa0000398                _end = .
                0xa0000398                _bss_end = .
                0x00010000                _bmxdudba_address = 0x10000
                0x00010000                _bmxdupba_address = 0x10000

/DISCARD/
 *(.pdr)
 *(.rel.dyn)
 *(.note.GNU-stack)
 *(.note.GNU-stack)
 *(.gnu_debuglink)
 *(.gnu.lto_*)
 *(.discard)

.gptab.sdata
 *(.gptab.data)
 *(.gptab.sdata)

.gptab.sbss
 *(.gptab.bss)
 *(.gptab.sbss)

.mdebug.abi32   0xa0000398        0x0
 *(.mdebug.abi32)
 .mdebug.abi32  0xa0000398        0x0 build/MX450_BASIC_DEMO0/production/_ext/823550626/drv_i2c_static_buffer_model.o
 .mdebug.abi32  0xa0000398        0x0 build/MX450_BASIC_DEMO0/production/_ext/823550626/drv_i2c_mapping.o
 .mdebug.abi32  0xa0000398        0x0 build/MX450_BASIC_DEMO0/production/_ext/2052027997/drv_tmr_static.o
 .mdebug.abi32  0xa0000398        0x0 build/MX450_BASIC_DEMO0/production/_ext/2052027997/drv_tmr_mapping.o
 .mdebug.abi32  0xa0000398        0x0 build/MX450_BASIC_DEMO0/production/_ext/382828169/drv_usart_mapping.o
 .mdebug.abi32  0xa0000398        0x0 build/MX450_BASIC_DEMO0/production/_ext/382828169/drv_usart_static.o
 .mdebug.abi32  0xa0000398        0x0 build/MX450_BASIC_DEMO0/production/_ext/382828169/drv_usart_static_byte_model.o
 .mdebug.abi32  0xa0000398        0x0 build/MX450_BASIC_DEMO0/production/_ext/195891987/sys_clk_static.o
 .mdebug.abi32  0xa0000398        0x0 build/MX450_BASIC_DEMO0/production/_ext/766220707/sys_ports_static.o
 .mdebug.abi32  0xa0000398        0x0 build/MX450_BASIC_DEMO0/production/_ext/1823359670/system_init.o
 .mdebug.abi32  0xa0000398        0x0 build/MX450_BASIC_DEMO0/production/_ext/1823359670/system_interrupt.o
 .mdebug.abi32  0xa0000398        0x0 build/MX450_BASIC_DEMO0/production/_ext/1823359670/system_exceptions.o
 .mdebug.abi32  0xa0000398        0x0 build/MX450_BASIC_DEMO0/production/_ext/1823359670/system_tasks.o
 .mdebug.abi32  0xa0000398        0x0 build/MX450_BASIC_DEMO0/production/_ext/1360937237/app.o
 .mdebug.abi32  0xa0000398        0x0 build/MX450_BASIC_DEMO0/production/_ext/1360937237/main.o
 .mdebug.abi32  0xa0000398        0x0 build/MX450_BASIC_DEMO0/production/_ext/1205520658/bt_app.o
 .mdebug.abi32  0xa0000398        0x0 build/MX450_BASIC_DEMO0/production/_ext/1205520658/bt_data.o
 .mdebug.abi32  0xa0000398        0x0 build/MX450_BASIC_DEMO0/production/_ext/1205520658/bt_hardware_profile.o
 .mdebug.abi32  0xa0000398        0x0 build/MX450_BASIC_DEMO0/production/_ext/1205520658/key.o
 .mdebug.abi32  0xa0000398        0x0 build/MX450_BASIC_DEMO0/production/_ext/1205520658/key_handler.o
 .mdebug.abi32  0xa0000398        0x0 build/MX450_BASIC_DEMO0/production/_ext/1205520658/led.o
 .mdebug.abi32  0xa0000398        0x0 build/MX450_BASIC_DEMO0/production/_ext/1205520658/timer.o
 .mdebug.abi32  0xa0000398        0x0 build/MX450_BASIC_DEMO0/production/_ext/1634889738/bt_a2dp.o
 .mdebug.abi32  0xa0000398        0x0 build/MX450_BASIC_DEMO0/production/_ext/1634889738/bt_command_decode.o
 .mdebug.abi32  0xa0000398        0x0 build/MX450_BASIC_DEMO0/production/_ext/1634889738/bt_command_send.o
 .mdebug.abi32  0xa0000398        0x0 build/MX450_BASIC_DEMO0/production/_ext/1634889738/bt_hfp.o
 .mdebug.abi32  0xa0000398        0x0 build/MX450_BASIC_DEMO0/production/_ext/1634889738/bt_line_in.o
 .mdebug.abi32  0xa0000398        0x0 build/MX450_BASIC_DEMO0/production/_ext/1634889738/bt_multi_spk.o
 .mdebug.abi32  0xa0000398        0x0 build/MX450_BASIC_DEMO0/production/_ext/1634889738/bt_volume.o
 .mdebug.abi32  0xa0000398        0x0 build/MX450_BASIC_DEMO0/production/_ext/2146212583/sta369bwdsp_handler.o
 .mdebug.abi32  0xa0000398        0x0 build/MX450_BASIC_DEMO0/production/_ext/912498863/sys_devcon.o
 .mdebug.abi32  0xa0000398        0x0 build/MX450_BASIC_DEMO0/production/_ext/912498863/sys_devcon_pic32mx.o
 .mdebug.abi32  0xa0000398        0x0 build/MX450_BASIC_DEMO0/production/_ext/711155467/sys_int_pic32.o
 .mdebug.abi32  0xa0000398        0x0 c:/program files (x86)/microchip/xc32/v2.10/bin/bin/../../lib/gcc/pic32mx/4.8.3/../../../../pic32mx/lib\libpic32.a(default-bootstrap-exception-handler.o)
 .mdebug.abi32  0xa0000398        0x0 c:/program files (x86)/microchip/xc32/v2.10/bin/bin/../../lib/gcc/pic32mx/4.8.3/../../../../pic32mx/lib\libpic32.a(default-on-reset.o)
 .mdebug.abi32  0xa0000398        0x0 c:/program files (x86)/microchip/xc32/v2.10/bin/bin/../../lib/gcc/pic32mx/4.8.3/../../../../pic32mx/lib\libpic32.a(default-on-bootstrap.o)
 .mdebug.abi32  0xa0000398        0x0 c:/program files (x86)/microchip/xc32/v2.10/bin/bin/../../lib/gcc/pic32mx/4.8.3/../../../../pic32mx/lib\libpic32.a(defaultinterrupt.o)

.mdebug.abiN32
 *(.mdebug.abiN32)

.mdebug.abi64
 *(.mdebug.abi64)

.mdebug.abiO64
 *(.mdebug.abiO64)

.mdebug.eabi32
 *(.mdebug.eabi32)

.mdebug.eabi64
 *(.mdebug.eabi64)

.gcc_compiled_long32
 *(.gcc_compiled_long32)

.gcc_compiled_long64
 *(.gcc_compiled_long64)

.stab
 *(.stab)

.stabstr
 *(.stabstr)

.stab.excl
 *(.stab.excl)

.stab.exclstr
 *(.stab.exclstr)

.stab.index
 *(.stab.index)

.stab.indexstr
 *(.stab.indexstr)

.comment        0x00000000       0x3c
 *(.comment)
 .comment       0x00000000       0x3c build/MX450_BASIC_DEMO0/production/_ext/823550626/drv_i2c_static_buffer_model.o
                                 0x3d (size before relaxing)
 .comment       0x00000000       0x3d build/MX450_BASIC_DEMO0/production/_ext/823550626/drv_i2c_mapping.o
 .comment       0x00000000       0x3d build/MX450_BASIC_DEMO0/production/_ext/2052027997/drv_tmr_static.o
 .comment       0x00000000       0x3d build/MX450_BASIC_DEMO0/production/_ext/2052027997/drv_tmr_mapping.o
 .comment       0x00000000       0x3d build/MX450_BASIC_DEMO0/production/_ext/382828169/drv_usart_mapping.o
 .comment       0x00000000       0x3d build/MX450_BASIC_DEMO0/production/_ext/382828169/drv_usart_static.o
 .comment       0x00000000       0x3d build/MX450_BASIC_DEMO0/production/_ext/382828169/drv_usart_static_byte_model.o
 .comment       0x00000000       0x3d build/MX450_BASIC_DEMO0/production/_ext/195891987/sys_clk_static.o
 .comment       0x00000000       0x3d build/MX450_BASIC_DEMO0/production/_ext/766220707/sys_ports_static.o
 .comment       0x00000000       0x3d build/MX450_BASIC_DEMO0/production/_ext/1823359670/system_init.o
 .comment       0x00000000       0x3d build/MX450_BASIC_DEMO0/production/_ext/1823359670/system_interrupt.o
 .comment       0x00000000       0x3d build/MX450_BASIC_DEMO0/production/_ext/1823359670/system_exceptions.o
 .comment       0x00000000       0x3d build/MX450_BASIC_DEMO0/production/_ext/1823359670/system_tasks.o
 .comment       0x00000000       0x3d build/MX450_BASIC_DEMO0/production/_ext/1360937237/app.o
 .comment       0x00000000       0x3d build/MX450_BASIC_DEMO0/production/_ext/1360937237/main.o
 .comment       0x00000000       0x3d build/MX450_BASIC_DEMO0/production/_ext/1205520658/bt_app.o
 .comment       0x00000000       0x3d build/MX450_BASIC_DEMO0/production/_ext/1205520658/bt_data.o
 .comment       0x00000000       0x3d build/MX450_BASIC_DEMO0/production/_ext/1205520658/bt_hardware_profile.o
 .comment       0x00000000       0x3d build/MX450_BASIC_DEMO0/production/_ext/1205520658/key.o
 .comment       0x00000000       0x3d build/MX450_BASIC_DEMO0/production/_ext/1205520658/key_handler.o
 .comment       0x00000000       0x3d build/MX450_BASIC_DEMO0/production/_ext/1205520658/led.o
 .comment       0x00000000       0x3d build/MX450_BASIC_DEMO0/production/_ext/1205520658/timer.o
 .comment       0x00000000       0x3d build/MX450_BASIC_DEMO0/production/_ext/1634889738/bt_a2dp.o
 .comment       0x00000000       0x3d build/MX450_BASIC_DEMO0/production/_ext/1634889738/bt_command_decode.o
 .comment       0x00000000       0x3d build/MX450_BASIC_DEMO0/production/_ext/1634889738/bt_command_send.o
 .comment       0x00000000       0x3d build/MX450_BASIC_DEMO0/production/_ext/1634889738/bt_hfp.o
 .comment       0x00000000       0x3d build/MX450_BASIC_DEMO0/production/_ext/1634889738/bt_line_in.o
 .comment       0x00000000       0x3d build/MX450_BASIC_DEMO0/production/_ext/1634889738/bt_multi_spk.o
 .comment       0x00000000       0x3d build/MX450_BASIC_DEMO0/production/_ext/1634889738/bt_volume.o
 .comment       0x00000000       0x3d build/MX450_BASIC_DEMO0/production/_ext/2146212583/sta369bwdsp_handler.o
 .comment       0x00000000       0x3d build/MX450_BASIC_DEMO0/production/_ext/912498863/sys_devcon.o
 .comment       0x00000000       0x3d build/MX450_BASIC_DEMO0/production/_ext/912498863/sys_devcon_pic32mx.o
 .comment       0x00000000       0x3d build/MX450_BASIC_DEMO0/production/_ext/711155467/sys_int_pic32.o
 .comment       0x00000000       0x3d c:/program files (x86)/microchip/xc32/v2.10/bin/bin/../../lib/gcc/pic32mx/4.8.3/../../../../pic32mx/lib\libpic32.a(default-bootstrap-exception-handler.o)
 .comment       0x00000000       0x3d c:/program files (x86)/microchip/xc32/v2.10/bin/bin/../../lib/gcc/pic32mx/4.8.3/../../../../pic32mx/lib\libpic32.a(default-on-reset.o)
 .comment       0x00000000       0x3d c:/program files (x86)/microchip/xc32/v2.10/bin/bin/../../lib/gcc/pic32mx/4.8.3/../../../../pic32mx/lib\libpic32.a(default-on-bootstrap.o)
 .comment       0x00000000       0x3d c:/program files (x86)/microchip/xc32/v2.10/bin/bin/../../lib/gcc/pic32mx/4.8.3/../../../../pic32mx/lib\libpic32.a(defaultinterrupt.o)

.debug
 *(.debug)

.line
 *(.line)

.debug_srcinfo
 *(.debug_srcinfo)

.debug_sfnames
 *(.debug_sfnames)

.debug_aranges  0x00000000     0x1030
 *(.debug_aranges)
 .debug_aranges
                0x00000000       0x90 build/MX450_BASIC_DEMO0/production/_ext/823550626/drv_i2c_static_buffer_model.o
 .debug_aranges
                0x00000090       0x60 build/MX450_BASIC_DEMO0/production/_ext/823550626/drv_i2c_mapping.o
 .debug_aranges
                0x000000f0       0xf8 build/MX450_BASIC_DEMO0/production/_ext/2052027997/drv_tmr_static.o
 .debug_aranges
                0x000001e8       0xc8 build/MX450_BASIC_DEMO0/production/_ext/2052027997/drv_tmr_mapping.o
 .debug_aranges
                0x000002b0       0xa8 build/MX450_BASIC_DEMO0/production/_ext/382828169/drv_usart_mapping.o
 .debug_aranges
                0x00000358       0x78 build/MX450_BASIC_DEMO0/production/_ext/382828169/drv_usart_static.o
 .debug_aranges
                0x000003d0       0x48 build/MX450_BASIC_DEMO0/production/_ext/382828169/drv_usart_static_byte_model.o
 .debug_aranges
                0x00000418       0x50 build/MX450_BASIC_DEMO0/production/_ext/195891987/sys_clk_static.o
 .debug_aranges
                0x00000468      0x108 build/MX450_BASIC_DEMO0/production/_ext/766220707/sys_ports_static.o
 .debug_aranges
                0x00000570       0x20 build/MX450_BASIC_DEMO0/production/_ext/1823359670/system_init.o
 .debug_aranges
                0x00000590       0x38 build/MX450_BASIC_DEMO0/production/_ext/1823359670/system_interrupt.o
 .debug_aranges
                0x000005c8       0x20 build/MX450_BASIC_DEMO0/production/_ext/1823359670/system_exceptions.o
 .debug_aranges
                0x000005e8       0x20 build/MX450_BASIC_DEMO0/production/_ext/1823359670/system_tasks.o
 .debug_aranges
                0x00000608       0x28 build/MX450_BASIC_DEMO0/production/_ext/1360937237/app.o
 .debug_aranges
                0x00000630       0x20 build/MX450_BASIC_DEMO0/production/_ext/1360937237/main.o
 .debug_aranges
                0x00000650       0xe0 build/MX450_BASIC_DEMO0/production/_ext/1205520658/bt_app.o
 .debug_aranges
                0x00000730       0x98 build/MX450_BASIC_DEMO0/production/_ext/1205520658/bt_data.o
 .debug_aranges
                0x000007c8       0x40 build/MX450_BASIC_DEMO0/production/_ext/1205520658/bt_hardware_profile.o
 .debug_aranges
                0x00000808       0x40 build/MX450_BASIC_DEMO0/production/_ext/1205520658/key.o
 .debug_aranges
                0x00000848       0x28 build/MX450_BASIC_DEMO0/production/_ext/1205520658/key_handler.o
 .debug_aranges
                0x00000870       0x38 build/MX450_BASIC_DEMO0/production/_ext/1205520658/led.o
 .debug_aranges
                0x000008a8       0x28 build/MX450_BASIC_DEMO0/production/_ext/1205520658/timer.o
 .debug_aranges
                0x000008d0       0xa0 build/MX450_BASIC_DEMO0/production/_ext/1634889738/bt_a2dp.o
 .debug_aranges
                0x00000970       0x50 build/MX450_BASIC_DEMO0/production/_ext/1634889738/bt_command_decode.o
 .debug_aranges
                0x000009c0      0x1f8 build/MX450_BASIC_DEMO0/production/_ext/1634889738/bt_command_send.o
 .debug_aranges
                0x00000bb8       0x90 build/MX450_BASIC_DEMO0/production/_ext/1634889738/bt_hfp.o
 .debug_aranges
                0x00000c48       0x50 build/MX450_BASIC_DEMO0/production/_ext/1634889738/bt_line_in.o
 .debug_aranges
                0x00000c98       0xc0 build/MX450_BASIC_DEMO0/production/_ext/1634889738/bt_multi_spk.o
 .debug_aranges
                0x00000d58       0xb0 build/MX450_BASIC_DEMO0/production/_ext/1634889738/bt_volume.o
 .debug_aranges
                0x00000e08       0xc8 build/MX450_BASIC_DEMO0/production/_ext/2146212583/sta369bwdsp_handler.o
 .debug_aranges
                0x00000ed0       0x78 build/MX450_BASIC_DEMO0/production/_ext/912498863/sys_devcon.o
 .debug_aranges
                0x00000f48       0x20 build/MX450_BASIC_DEMO0/production/_ext/912498863/sys_devcon_pic32mx.o
 .debug_aranges
                0x00000f68       0x48 build/MX450_BASIC_DEMO0/production/_ext/711155467/sys_int_pic32.o
 .debug_aranges
                0x00000fb0       0x20 c:/program files (x86)/microchip/xc32/v2.10/bin/bin/../../lib/gcc/pic32mx/4.8.3/../../../../pic32mx/lib\libpic32.a(default-bootstrap-exception-handler.o)
 .debug_aranges
                0x00000fd0       0x20 c:/program files (x86)/microchip/xc32/v2.10/bin/bin/../../lib/gcc/pic32mx/4.8.3/../../../../pic32mx/lib\libpic32.a(default-on-reset.o)
 .debug_aranges
                0x00000ff0       0x20 c:/program files (x86)/microchip/xc32/v2.10/bin/bin/../../lib/gcc/pic32mx/4.8.3/../../../../pic32mx/lib\libpic32.a(default-on-bootstrap.o)
 .debug_aranges
                0x00001010       0x20 c:/program files (x86)/microchip/xc32/v2.10/bin/bin/../../lib/gcc/pic32mx/4.8.3/../../../../pic32mx/lib\libpic32.a(defaultinterrupt.o)

.debug_pubnames
 *(.debug_pubnames)

.debug_info     0x00000000    0x4e1e0
 *(.debug_info .gnu.linkonce.wi.*)
 .debug_info    0x00000000     0x5790 build/MX450_BASIC_DEMO0/production/_ext/823550626/drv_i2c_static_buffer_model.o
 .debug_info    0x00005790     0x16b9 build/MX450_BASIC_DEMO0/production/_ext/823550626/drv_i2c_mapping.o
 .debug_info    0x00006e49     0x41ab build/MX450_BASIC_DEMO0/production/_ext/2052027997/drv_tmr_static.o
 .debug_info    0x0000aff4     0x12d6 build/MX450_BASIC_DEMO0/production/_ext/2052027997/drv_tmr_mapping.o
 .debug_info    0x0000c2ca     0x20da build/MX450_BASIC_DEMO0/production/_ext/382828169/drv_usart_mapping.o
 .debug_info    0x0000e3a4     0x3ebb build/MX450_BASIC_DEMO0/production/_ext/382828169/drv_usart_static.o
 .debug_info    0x0001225f     0x215b build/MX450_BASIC_DEMO0/production/_ext/382828169/drv_usart_static_byte_model.o
 .debug_info    0x000143ba     0x205c build/MX450_BASIC_DEMO0/production/_ext/195891987/sys_clk_static.o
 .debug_info    0x00016416     0x5b22 build/MX450_BASIC_DEMO0/production/_ext/766220707/sys_ports_static.o
 .debug_info    0x0001bf38     0x2440 build/MX450_BASIC_DEMO0/production/_ext/1823359670/system_init.o
 .debug_info    0x0001e378     0x1eab build/MX450_BASIC_DEMO0/production/_ext/1823359670/system_interrupt.o
 .debug_info    0x00020223     0x133f build/MX450_BASIC_DEMO0/production/_ext/1823359670/system_exceptions.o
 .debug_info    0x00021562     0x11b9 build/MX450_BASIC_DEMO0/production/_ext/1823359670/system_tasks.o
 .debug_info    0x0002271b     0x1c1e build/MX450_BASIC_DEMO0/production/_ext/1360937237/app.o
 .debug_info    0x00024339      0x1c7 build/MX450_BASIC_DEMO0/production/_ext/1360937237/main.o
 .debug_info    0x00024500     0x46a0 build/MX450_BASIC_DEMO0/production/_ext/1205520658/bt_app.o
 .debug_info    0x00028ba0     0x3581 build/MX450_BASIC_DEMO0/production/_ext/1205520658/bt_data.o
 .debug_info    0x0002c121     0x1e34 build/MX450_BASIC_DEMO0/production/_ext/1205520658/bt_hardware_profile.o
 .debug_info    0x0002df55     0x1b75 build/MX450_BASIC_DEMO0/production/_ext/1205520658/key.o
 .debug_info    0x0002faca     0x1bfa build/MX450_BASIC_DEMO0/production/_ext/1205520658/key_handler.o
 .debug_info    0x000316c4     0x22b1 build/MX450_BASIC_DEMO0/production/_ext/1205520658/led.o
 .debug_info    0x00033975     0x11ef build/MX450_BASIC_DEMO0/production/_ext/1205520658/timer.o
 .debug_info    0x00034b64     0x2a60 build/MX450_BASIC_DEMO0/production/_ext/1634889738/bt_a2dp.o
 .debug_info    0x000375c4     0x3125 build/MX450_BASIC_DEMO0/production/_ext/1634889738/bt_command_decode.o
 .debug_info    0x0003a6e9     0x4620 build/MX450_BASIC_DEMO0/production/_ext/1634889738/bt_command_send.o
 .debug_info    0x0003ed09     0x22da build/MX450_BASIC_DEMO0/production/_ext/1634889738/bt_hfp.o
 .debug_info    0x00040fe3     0x1d18 build/MX450_BASIC_DEMO0/production/_ext/1634889738/bt_line_in.o
 .debug_info    0x00042cfb     0x29bd build/MX450_BASIC_DEMO0/production/_ext/1634889738/bt_multi_spk.o
 .debug_info    0x000456b8     0x2cbd build/MX450_BASIC_DEMO0/production/_ext/1634889738/bt_volume.o
 .debug_info    0x00048375     0x27a5 build/MX450_BASIC_DEMO0/production/_ext/2146212583/sta369bwdsp_handler.o
 .debug_info    0x0004ab1a     0x1187 build/MX450_BASIC_DEMO0/production/_ext/912498863/sys_devcon.o
 .debug_info    0x0004bca1      0xd78 build/MX450_BASIC_DEMO0/production/_ext/912498863/sys_devcon_pic32mx.o
 .debug_info    0x0004ca19     0x1452 build/MX450_BASIC_DEMO0/production/_ext/711155467/sys_int_pic32.o
 .debug_info    0x0004de6b       0xf2 c:/program files (x86)/microchip/xc32/v2.10/bin/bin/../../lib/gcc/pic32mx/4.8.3/../../../../pic32mx/lib\libpic32.a(default-bootstrap-exception-handler.o)
 .debug_info    0x0004df5d       0xcb c:/program files (x86)/microchip/xc32/v2.10/bin/bin/../../lib/gcc/pic32mx/4.8.3/../../../../pic32mx/lib\libpic32.a(default-on-reset.o)
 .debug_info    0x0004e028       0xd3 c:/program files (x86)/microchip/xc32/v2.10/bin/bin/../../lib/gcc/pic32mx/4.8.3/../../../../pic32mx/lib\libpic32.a(default-on-bootstrap.o)
 .debug_info    0x0004e0fb       0xe5 c:/program files (x86)/microchip/xc32/v2.10/bin/bin/../../lib/gcc/pic32mx/4.8.3/../../../../pic32mx/lib\libpic32.a(defaultinterrupt.o)

.debug_abbrev   0x00000000     0x4967
 *(.debug_abbrev)
 .debug_abbrev  0x00000000      0x35e build/MX450_BASIC_DEMO0/production/_ext/823550626/drv_i2c_static_buffer_model.o
 .debug_abbrev  0x0000035e      0x15f build/MX450_BASIC_DEMO0/production/_ext/823550626/drv_i2c_mapping.o
 .debug_abbrev  0x000004bd      0x37f build/MX450_BASIC_DEMO0/production/_ext/2052027997/drv_tmr_static.o
 .debug_abbrev  0x0000083c      0x263 build/MX450_BASIC_DEMO0/production/_ext/2052027997/drv_tmr_mapping.o
 .debug_abbrev  0x00000a9f      0x263 build/MX450_BASIC_DEMO0/production/_ext/382828169/drv_usart_mapping.o
 .debug_abbrev  0x00000d02      0x324 build/MX450_BASIC_DEMO0/production/_ext/382828169/drv_usart_static.o
 .debug_abbrev  0x00001026      0x1ae build/MX450_BASIC_DEMO0/production/_ext/382828169/drv_usart_static_byte_model.o
 .debug_abbrev  0x000011d4      0x290 build/MX450_BASIC_DEMO0/production/_ext/195891987/sys_clk_static.o
 .debug_abbrev  0x00001464      0x262 build/MX450_BASIC_DEMO0/production/_ext/766220707/sys_ports_static.o
 .debug_abbrev  0x000016c6      0x2ce build/MX450_BASIC_DEMO0/production/_ext/1823359670/system_init.o
 .debug_abbrev  0x00001994      0x1e2 build/MX450_BASIC_DEMO0/production/_ext/1823359670/system_interrupt.o
 .debug_abbrev  0x00001b76       0xb6 build/MX450_BASIC_DEMO0/production/_ext/1823359670/system_exceptions.o
 .debug_abbrev  0x00001c2c       0xd1 build/MX450_BASIC_DEMO0/production/_ext/1823359670/system_tasks.o
 .debug_abbrev  0x00001cfd      0x1e1 build/MX450_BASIC_DEMO0/production/_ext/1360937237/app.o
 .debug_abbrev  0x00001ede       0x93 build/MX450_BASIC_DEMO0/production/_ext/1360937237/main.o
 .debug_abbrev  0x00001f71      0x34a build/MX450_BASIC_DEMO0/production/_ext/1205520658/bt_app.o
 .debug_abbrev  0x000022bb      0x394 build/MX450_BASIC_DEMO0/production/_ext/1205520658/bt_data.o
 .debug_abbrev  0x0000264f      0x1ab build/MX450_BASIC_DEMO0/production/_ext/1205520658/bt_hardware_profile.o
 .debug_abbrev  0x000027fa      0x244 build/MX450_BASIC_DEMO0/production/_ext/1205520658/key.o
 .debug_abbrev  0x00002a3e      0x12e build/MX450_BASIC_DEMO0/production/_ext/1205520658/key_handler.o
 .debug_abbrev  0x00002b6c      0x201 build/MX450_BASIC_DEMO0/production/_ext/1205520658/led.o
 .debug_abbrev  0x00002d6d       0xdc build/MX450_BASIC_DEMO0/production/_ext/1205520658/timer.o
 .debug_abbrev  0x00002e49      0x217 build/MX450_BASIC_DEMO0/production/_ext/1634889738/bt_a2dp.o
 .debug_abbrev  0x00003060      0x2ba build/MX450_BASIC_DEMO0/production/_ext/1634889738/bt_command_decode.o
 .debug_abbrev  0x0000331a      0x3f7 build/MX450_BASIC_DEMO0/production/_ext/1634889738/bt_command_send.o
 .debug_abbrev  0x00003711      0x183 build/MX450_BASIC_DEMO0/production/_ext/1634889738/bt_hfp.o
 .debug_abbrev  0x00003894      0x24b build/MX450_BASIC_DEMO0/production/_ext/1634889738/bt_line_in.o
 .debug_abbrev  0x00003adf      0x1f6 build/MX450_BASIC_DEMO0/production/_ext/1634889738/bt_multi_spk.o
 .debug_abbrev  0x00003cd5      0x33d build/MX450_BASIC_DEMO0/production/_ext/1634889738/bt_volume.o
 .debug_abbrev  0x00004012      0x303 build/MX450_BASIC_DEMO0/production/_ext/2146212583/sta369bwdsp_handler.o
 .debug_abbrev  0x00004315      0x274 build/MX450_BASIC_DEMO0/production/_ext/912498863/sys_devcon.o
 .debug_abbrev  0x00004589      0x174 build/MX450_BASIC_DEMO0/production/_ext/912498863/sys_devcon_pic32mx.o
 .debug_abbrev  0x000046fd      0x1ca build/MX450_BASIC_DEMO0/production/_ext/711155467/sys_int_pic32.o
 .debug_abbrev  0x000048c7       0x28 c:/program files (x86)/microchip/xc32/v2.10/bin/bin/../../lib/gcc/pic32mx/4.8.3/../../../../pic32mx/lib\libpic32.a(default-bootstrap-exception-handler.o)
 .debug_abbrev  0x000048ef       0x28 c:/program files (x86)/microchip/xc32/v2.10/bin/bin/../../lib/gcc/pic32mx/4.8.3/../../../../pic32mx/lib\libpic32.a(default-on-reset.o)
 .debug_abbrev  0x00004917       0x28 c:/program files (x86)/microchip/xc32/v2.10/bin/bin/../../lib/gcc/pic32mx/4.8.3/../../../../pic32mx/lib\libpic32.a(default-on-bootstrap.o)
 .debug_abbrev  0x0000493f       0x28 c:/program files (x86)/microchip/xc32/v2.10/bin/bin/../../lib/gcc/pic32mx/4.8.3/../../../../pic32mx/lib\libpic32.a(defaultinterrupt.o)

.debug_line     0x00000000     0xafa0
 *(.debug_line)
 .debug_line    0x00000000      0xca7 build/MX450_BASIC_DEMO0/production/_ext/823550626/drv_i2c_static_buffer_model.o
 .debug_line    0x00000ca7      0x3c1 build/MX450_BASIC_DEMO0/production/_ext/823550626/drv_i2c_mapping.o
 .debug_line    0x00001068      0x904 build/MX450_BASIC_DEMO0/production/_ext/2052027997/drv_tmr_static.o
 .debug_line    0x0000196c      0x4d9 build/MX450_BASIC_DEMO0/production/_ext/2052027997/drv_tmr_mapping.o
 .debug_line    0x00001e45      0x434 build/MX450_BASIC_DEMO0/production/_ext/382828169/drv_usart_mapping.o
 .debug_line    0x00002279      0x7b6 build/MX450_BASIC_DEMO0/production/_ext/382828169/drv_usart_static.o
 .debug_line    0x00002a2f      0x419 build/MX450_BASIC_DEMO0/production/_ext/382828169/drv_usart_static_byte_model.o
 .debug_line    0x00002e48      0x479 build/MX450_BASIC_DEMO0/production/_ext/195891987/sys_clk_static.o
 .debug_line    0x000032c1      0x9da build/MX450_BASIC_DEMO0/production/_ext/766220707/sys_ports_static.o
 .debug_line    0x00003c9b      0x6ae build/MX450_BASIC_DEMO0/production/_ext/1823359670/system_init.o
 .debug_line    0x00004349      0x4d9 build/MX450_BASIC_DEMO0/production/_ext/1823359670/system_interrupt.o
 .debug_line    0x00004822      0x1f4 build/MX450_BASIC_DEMO0/production/_ext/1823359670/system_exceptions.o
 .debug_line    0x00004a16      0x24c build/MX450_BASIC_DEMO0/production/_ext/1823359670/system_tasks.o
 .debug_line    0x00004c62      0x5c1 build/MX450_BASIC_DEMO0/production/_ext/1360937237/app.o
 .debug_line    0x00005223       0xca build/MX450_BASIC_DEMO0/production/_ext/1360937237/main.o
 .debug_line    0x000052ed      0x82a build/MX450_BASIC_DEMO0/production/_ext/1205520658/bt_app.o
 .debug_line    0x00005b17      0x62c build/MX450_BASIC_DEMO0/production/_ext/1205520658/bt_data.o
 .debug_line    0x00006143      0x3ad build/MX450_BASIC_DEMO0/production/_ext/1205520658/bt_hardware_profile.o
 .debug_line    0x000064f0      0x3cb build/MX450_BASIC_DEMO0/production/_ext/1205520658/key.o
 .debug_line    0x000068bb      0x3c0 build/MX450_BASIC_DEMO0/production/_ext/1205520658/key_handler.o
 .debug_line    0x00006c7b      0x412 build/MX450_BASIC_DEMO0/production/_ext/1205520658/led.o
 .debug_line    0x0000708d      0x24e build/MX450_BASIC_DEMO0/production/_ext/1205520658/timer.o
 .debug_line    0x000072db      0x49c build/MX450_BASIC_DEMO0/production/_ext/1634889738/bt_a2dp.o
 .debug_line    0x00007777      0x48a build/MX450_BASIC_DEMO0/production/_ext/1634889738/bt_command_decode.o
 .debug_line    0x00007c01      0xad6 build/MX450_BASIC_DEMO0/production/_ext/1634889738/bt_command_send.o
 .debug_line    0x000086d7      0x37c build/MX450_BASIC_DEMO0/production/_ext/1634889738/bt_hfp.o
 .debug_line    0x00008a53      0x446 build/MX450_BASIC_DEMO0/production/_ext/1634889738/bt_line_in.o
 .debug_line    0x00008e99      0x46c build/MX450_BASIC_DEMO0/production/_ext/1634889738/bt_multi_spk.o
 .debug_line    0x00009305      0x641 build/MX450_BASIC_DEMO0/production/_ext/1634889738/bt_volume.o
 .debug_line    0x00009946      0x62c build/MX450_BASIC_DEMO0/production/_ext/2146212583/sta369bwdsp_handler.o
 .debug_line    0x00009f72      0x5c6 build/MX450_BASIC_DEMO0/production/_ext/912498863/sys_devcon.o
 .debug_line    0x0000a538      0x470 build/MX450_BASIC_DEMO0/production/_ext/912498863/sys_devcon_pic32mx.o
 .debug_line    0x0000a9a8      0x38b build/MX450_BASIC_DEMO0/production/_ext/711155467/sys_int_pic32.o
 .debug_line    0x0000ad33       0xa4 c:/program files (x86)/microchip/xc32/v2.10/bin/bin/../../lib/gcc/pic32mx/4.8.3/../../../../pic32mx/lib\libpic32.a(default-bootstrap-exception-handler.o)
 .debug_line    0x0000add7       0x91 c:/program files (x86)/microchip/xc32/v2.10/bin/bin/../../lib/gcc/pic32mx/4.8.3/../../../../pic32mx/lib\libpic32.a(default-on-reset.o)
 .debug_line    0x0000ae68       0x95 c:/program files (x86)/microchip/xc32/v2.10/bin/bin/../../lib/gcc/pic32mx/4.8.3/../../../../pic32mx/lib\libpic32.a(default-on-bootstrap.o)
 .debug_line    0x0000aefd       0xa3 c:/program files (x86)/microchip/xc32/v2.10/bin/bin/../../lib/gcc/pic32mx/4.8.3/../../../../pic32mx/lib\libpic32.a(defaultinterrupt.o)

.debug_frame    0x00000000     0x21e8
 *(.debug_frame)
 .debug_frame   0x00000000      0x140 build/MX450_BASIC_DEMO0/production/_ext/823550626/drv_i2c_static_buffer_model.o
 .debug_frame   0x00000140       0xa0 build/MX450_BASIC_DEMO0/production/_ext/823550626/drv_i2c_mapping.o
 .debug_frame   0x000001e0      0x1e0 build/MX450_BASIC_DEMO0/production/_ext/2052027997/drv_tmr_static.o
 .debug_frame   0x000003c0      0x170 build/MX450_BASIC_DEMO0/production/_ext/2052027997/drv_tmr_mapping.o
 .debug_frame   0x00000530      0x130 build/MX450_BASIC_DEMO0/production/_ext/382828169/drv_usart_mapping.o
 .debug_frame   0x00000660       0xf0 build/MX450_BASIC_DEMO0/production/_ext/382828169/drv_usart_static.o
 .debug_frame   0x00000750       0x70 build/MX450_BASIC_DEMO0/production/_ext/382828169/drv_usart_static_byte_model.o
 .debug_frame   0x000007c0       0x98 build/MX450_BASIC_DEMO0/production/_ext/195891987/sys_clk_static.o
 .debug_frame   0x00000858      0x1f0 build/MX450_BASIC_DEMO0/production/_ext/766220707/sys_ports_static.o
 .debug_frame   0x00000a48       0x28 build/MX450_BASIC_DEMO0/production/_ext/1823359670/system_init.o
 .debug_frame   0x00000a70      0x164 build/MX450_BASIC_DEMO0/production/_ext/1823359670/system_interrupt.o
 .debug_frame   0x00000bd4       0x28 build/MX450_BASIC_DEMO0/production/_ext/1823359670/system_exceptions.o
 .debug_frame   0x00000bfc       0x28 build/MX450_BASIC_DEMO0/production/_ext/1823359670/system_tasks.o
 .debug_frame   0x00000c24       0x40 build/MX450_BASIC_DEMO0/production/_ext/1360937237/app.o
 .debug_frame   0x00000c64       0x28 build/MX450_BASIC_DEMO0/production/_ext/1360937237/main.o
 .debug_frame   0x00000c8c      0x1f8 build/MX450_BASIC_DEMO0/production/_ext/1205520658/bt_app.o
 .debug_frame   0x00000e84      0x150 build/MX450_BASIC_DEMO0/production/_ext/1205520658/bt_data.o
 .debug_frame   0x00000fd4       0x68 build/MX450_BASIC_DEMO0/production/_ext/1205520658/bt_hardware_profile.o
 .debug_frame   0x0000103c       0x78 build/MX450_BASIC_DEMO0/production/_ext/1205520658/key.o
 .debug_frame   0x000010b4       0x44 build/MX450_BASIC_DEMO0/production/_ext/1205520658/key_handler.o
 .debug_frame   0x000010f8       0x58 build/MX450_BASIC_DEMO0/production/_ext/1205520658/led.o
 .debug_frame   0x00001150       0x38 build/MX450_BASIC_DEMO0/production/_ext/1205520658/timer.o
 .debug_frame   0x00001188      0x13c build/MX450_BASIC_DEMO0/production/_ext/1634889738/bt_a2dp.o
 .debug_frame   0x000012c4       0x9c build/MX450_BASIC_DEMO0/production/_ext/1634889738/bt_command_decode.o
 .debug_frame   0x00001360      0x568 build/MX450_BASIC_DEMO0/production/_ext/1634889738/bt_command_send.o
 .debug_frame   0x000018c8      0x100 build/MX450_BASIC_DEMO0/production/_ext/1634889738/bt_hfp.o
 .debug_frame   0x000019c8       0x94 build/MX450_BASIC_DEMO0/production/_ext/1634889738/bt_line_in.o
 .debug_frame   0x00001a5c      0x19c build/MX450_BASIC_DEMO0/production/_ext/1634889738/bt_multi_spk.o
 .debug_frame   0x00001bf8      0x1b8 build/MX450_BASIC_DEMO0/production/_ext/1634889738/bt_volume.o
 .debug_frame   0x00001db0      0x20c build/MX450_BASIC_DEMO0/production/_ext/2146212583/sta369bwdsp_handler.o
 .debug_frame   0x00001fbc       0xe8 build/MX450_BASIC_DEMO0/production/_ext/912498863/sys_devcon.o
 .debug_frame   0x000020a4       0x28 build/MX450_BASIC_DEMO0/production/_ext/912498863/sys_devcon_pic32mx.o
 .debug_frame   0x000020cc       0x90 build/MX450_BASIC_DEMO0/production/_ext/711155467/sys_int_pic32.o
 .debug_frame   0x0000215c       0x2c c:/program files (x86)/microchip/xc32/v2.10/bin/bin/../../lib/gcc/pic32mx/4.8.3/../../../../pic32mx/lib\libpic32.a(default-bootstrap-exception-handler.o)
 .debug_frame   0x00002188       0x20 c:/program files (x86)/microchip/xc32/v2.10/bin/bin/../../lib/gcc/pic32mx/4.8.3/../../../../pic32mx/lib\libpic32.a(default-on-reset.o)
 .debug_frame   0x000021a8       0x20 c:/program files (x86)/microchip/xc32/v2.10/bin/bin/../../lib/gcc/pic32mx/4.8.3/../../../../pic32mx/lib\libpic32.a(default-on-bootstrap.o)
 .debug_frame   0x000021c8       0x20 c:/program files (x86)/microchip/xc32/v2.10/bin/bin/../../lib/gcc/pic32mx/4.8.3/../../../../pic32mx/lib\libpic32.a(defaultinterrupt.o)

.debug_str      0x00000000      0x575
 *(.debug_str)
 .debug_str     0x00000000       0x7e build/MX450_BASIC_DEMO0/production/_ext/823550626/drv_i2c_static_buffer_model.o
 .debug_str     0x0000007e       0x3f build/MX450_BASIC_DEMO0/production/_ext/823550626/drv_i2c_mapping.o
 .debug_str     0x000000bd       0x78 build/MX450_BASIC_DEMO0/production/_ext/2052027997/drv_tmr_static.o
 .debug_str     0x00000135        0x7 build/MX450_BASIC_DEMO0/production/_ext/2052027997/drv_tmr_mapping.o
 .debug_str     0x0000013c       0x23 build/MX450_BASIC_DEMO0/production/_ext/382828169/drv_usart_mapping.o
 .debug_str     0x0000015f       0xd6 build/MX450_BASIC_DEMO0/production/_ext/382828169/drv_usart_static.o
 .debug_str     0x00000235        0x6 build/MX450_BASIC_DEMO0/production/_ext/382828169/drv_usart_static_byte_model.o
 .debug_str     0x0000023b       0x46 build/MX450_BASIC_DEMO0/production/_ext/195891987/sys_clk_static.o
 .debug_str     0x00000281       0xa1 build/MX450_BASIC_DEMO0/production/_ext/766220707/sys_ports_static.o
 .debug_str     0x00000322       0x36 build/MX450_BASIC_DEMO0/production/_ext/1823359670/system_init.o
 .debug_str     0x00000358       0x25 build/MX450_BASIC_DEMO0/production/_ext/1823359670/system_interrupt.o
 .debug_str     0x0000037d        0x0 build/MX450_BASIC_DEMO0/production/_ext/1823359670/system_exceptions.o
 .debug_str     0x0000037d        0x0 build/MX450_BASIC_DEMO0/production/_ext/1823359670/system_tasks.o
 .debug_str     0x0000037d        0x0 build/MX450_BASIC_DEMO0/production/_ext/1360937237/app.o
 .debug_str     0x0000037d        0x0 build/MX450_BASIC_DEMO0/production/_ext/1360937237/main.o
 .debug_str     0x0000037d       0x2b build/MX450_BASIC_DEMO0/production/_ext/1205520658/bt_app.o
 .debug_str     0x000003a8       0x15 build/MX450_BASIC_DEMO0/production/_ext/1205520658/bt_data.o
 .debug_str     0x000003bd        0x0 build/MX450_BASIC_DEMO0/production/_ext/1205520658/bt_hardware_profile.o
 .debug_str     0x000003bd        0x0 build/MX450_BASIC_DEMO0/production/_ext/1205520658/key.o
 .debug_str     0x000003bd        0x0 build/MX450_BASIC_DEMO0/production/_ext/1205520658/key_handler.o
 .debug_str     0x000003bd       0x15 build/MX450_BASIC_DEMO0/production/_ext/1205520658/led.o
 .debug_str     0x000003d2       0x1b build/MX450_BASIC_DEMO0/production/_ext/1205520658/timer.o
 .debug_str     0x000003ed        0xe build/MX450_BASIC_DEMO0/production/_ext/1634889738/bt_a2dp.o
 .debug_str     0x000003fb        0xd build/MX450_BASIC_DEMO0/production/_ext/1634889738/bt_command_decode.o
 .debug_str     0x00000408       0xa9 build/MX450_BASIC_DEMO0/production/_ext/1634889738/bt_command_send.o
 .debug_str     0x000004b1        0x0 build/MX450_BASIC_DEMO0/production/_ext/1634889738/bt_hfp.o
 .debug_str     0x000004b1        0x0 build/MX450_BASIC_DEMO0/production/_ext/1634889738/bt_line_in.o
 .debug_str     0x000004b1       0x2a build/MX450_BASIC_DEMO0/production/_ext/1634889738/bt_multi_spk.o
 .debug_str     0x000004db       0x3c build/MX450_BASIC_DEMO0/production/_ext/1634889738/bt_volume.o
 .debug_str     0x00000517       0x15 build/MX450_BASIC_DEMO0/production/_ext/2146212583/sta369bwdsp_handler.o
 .debug_str     0x0000052c       0x16 build/MX450_BASIC_DEMO0/production/_ext/912498863/sys_devcon.o
 .debug_str     0x00000542        0x6 build/MX450_BASIC_DEMO0/production/_ext/912498863/sys_devcon_pic32mx.o
 .debug_str     0x00000548       0x2d build/MX450_BASIC_DEMO0/production/_ext/711155467/sys_int_pic32.o
 .debug_str     0x00000575        0x0 c:/program files (x86)/microchip/xc32/v2.10/bin/bin/../../lib/gcc/pic32mx/4.8.3/../../../../pic32mx/lib\libpic32.a(default-bootstrap-exception-handler.o)
 .debug_str     0x00000575        0x0 c:/program files (x86)/microchip/xc32/v2.10/bin/bin/../../lib/gcc/pic32mx/4.8.3/../../../../pic32mx/lib\libpic32.a(default-on-reset.o)
 .debug_str     0x00000575        0x0 c:/program files (x86)/microchip/xc32/v2.10/bin/bin/../../lib/gcc/pic32mx/4.8.3/../../../../pic32mx/lib\libpic32.a(default-on-bootstrap.o)
 .debug_str     0x00000575        0x0 c:/program files (x86)/microchip/xc32/v2.10/bin/bin/../../lib/gcc/pic32mx/4.8.3/../../../../pic32mx/lib\libpic32.a(defaultinterrupt.o)

.debug_loc      0x00000000     0x78a3
 *(.debug_loc)
 .debug_loc     0x00000000      0xa32 build/MX450_BASIC_DEMO0/production/_ext/823550626/drv_i2c_static_buffer_model.o
 .debug_loc     0x00000a32      0x555 build/MX450_BASIC_DEMO0/production/_ext/823550626/drv_i2c_mapping.o
 .debug_loc     0x00000f87      0x53a build/MX450_BASIC_DEMO0/production/_ext/2052027997/drv_tmr_static.o
 .debug_loc     0x000014c1      0x3ea build/MX450_BASIC_DEMO0/production/_ext/2052027997/drv_tmr_mapping.o
 .debug_loc     0x000018ab      0x53e build/MX450_BASIC_DEMO0/production/_ext/382828169/drv_usart_mapping.o
 .debug_loc     0x00001de9      0x3fe build/MX450_BASIC_DEMO0/production/_ext/382828169/drv_usart_static.o
 .debug_loc     0x000021e7       0x49 build/MX450_BASIC_DEMO0/production/_ext/195891987/sys_clk_static.o
 .debug_loc     0x00002230      0xc04 build/MX450_BASIC_DEMO0/production/_ext/766220707/sys_ports_static.o
 .debug_loc     0x00002e34       0x21 build/MX450_BASIC_DEMO0/production/_ext/1823359670/system_init.o
 .debug_loc     0x00002e55       0x52 build/MX450_BASIC_DEMO0/production/_ext/1823359670/system_interrupt.o
 .debug_loc     0x00002ea7      0xbc0 build/MX450_BASIC_DEMO0/production/_ext/1205520658/bt_app.o
 .debug_loc     0x00003a67      0x6b7 build/MX450_BASIC_DEMO0/production/_ext/1205520658/bt_data.o
 .debug_loc     0x0000411e       0x4a build/MX450_BASIC_DEMO0/production/_ext/1205520658/bt_hardware_profile.o
 .debug_loc     0x00004168      0x162 build/MX450_BASIC_DEMO0/production/_ext/1205520658/key.o
 .debug_loc     0x000042ca      0x204 build/MX450_BASIC_DEMO0/production/_ext/1205520658/key_handler.o
 .debug_loc     0x000044ce      0x743 build/MX450_BASIC_DEMO0/production/_ext/1205520658/led.o
 .debug_loc     0x00004c11      0x1f7 build/MX450_BASIC_DEMO0/production/_ext/1634889738/bt_a2dp.o
 .debug_loc     0x00004e08      0x21f build/MX450_BASIC_DEMO0/production/_ext/1634889738/bt_command_decode.o
 .debug_loc     0x00005027     0x176e build/MX450_BASIC_DEMO0/production/_ext/1634889738/bt_command_send.o
 .debug_loc     0x00006795       0x9d build/MX450_BASIC_DEMO0/production/_ext/1634889738/bt_hfp.o
 .debug_loc     0x00006832      0x10a build/MX450_BASIC_DEMO0/production/_ext/1634889738/bt_line_in.o
 .debug_loc     0x0000693c      0x252 build/MX450_BASIC_DEMO0/production/_ext/1634889738/bt_multi_spk.o
 .debug_loc     0x00006b8e      0x7f4 build/MX450_BASIC_DEMO0/production/_ext/1634889738/bt_volume.o
 .debug_loc     0x00007382      0x2ae build/MX450_BASIC_DEMO0/production/_ext/2146212583/sta369bwdsp_handler.o
 .debug_loc     0x00007630       0xe0 build/MX450_BASIC_DEMO0/production/_ext/912498863/sys_devcon.o
 .debug_loc     0x00007710       0xda build/MX450_BASIC_DEMO0/production/_ext/912498863/sys_devcon_pic32mx.o
 .debug_loc     0x000077ea       0x8d build/MX450_BASIC_DEMO0/production/_ext/711155467/sys_int_pic32.o
 .debug_loc     0x00007877       0x2c c:/program files (x86)/microchip/xc32/v2.10/bin/bin/../../lib/gcc/pic32mx/4.8.3/../../../../pic32mx/lib\libpic32.a(default-bootstrap-exception-handler.o)

.debug_macinfo
 *(.debug_macinfo)

.debug_weaknames
 *(.debug_weaknames)

.debug_funcnames
 *(.debug_funcnames)

.debug_typenames
 *(.debug_typenames)

.debug_varnames
 *(.debug_varnames)

.debug_pubtypes
 *(.debug_pubtypes)

.debug_ranges   0x00000000     0x1030
 *(.debug_ranges)
 .debug_ranges  0x00000000       0x80 build/MX450_BASIC_DEMO0/production/_ext/823550626/drv_i2c_static_buffer_model.o
 .debug_ranges  0x00000080       0x50 build/MX450_BASIC_DEMO0/production/_ext/823550626/drv_i2c_mapping.o
 .debug_ranges  0x000000d0      0x190 build/MX450_BASIC_DEMO0/production/_ext/2052027997/drv_tmr_static.o
 .debug_ranges  0x00000260       0xb8 build/MX450_BASIC_DEMO0/production/_ext/2052027997/drv_tmr_mapping.o
 .debug_ranges  0x00000318       0x98 build/MX450_BASIC_DEMO0/production/_ext/382828169/drv_usart_mapping.o
 .debug_ranges  0x000003b0       0x80 build/MX450_BASIC_DEMO0/production/_ext/382828169/drv_usart_static.o
 .debug_ranges  0x00000430       0x38 build/MX450_BASIC_DEMO0/production/_ext/382828169/drv_usart_static_byte_model.o
 .debug_ranges  0x00000468       0x40 build/MX450_BASIC_DEMO0/production/_ext/195891987/sys_clk_static.o
 .debug_ranges  0x000004a8      0x160 build/MX450_BASIC_DEMO0/production/_ext/766220707/sys_ports_static.o
 .debug_ranges  0x00000608       0x10 build/MX450_BASIC_DEMO0/production/_ext/1823359670/system_init.o
 .debug_ranges  0x00000618       0x28 build/MX450_BASIC_DEMO0/production/_ext/1823359670/system_interrupt.o
 .debug_ranges  0x00000640       0x10 build/MX450_BASIC_DEMO0/production/_ext/1823359670/system_exceptions.o
 .debug_ranges  0x00000650       0x10 build/MX450_BASIC_DEMO0/production/_ext/1823359670/system_tasks.o
 .debug_ranges  0x00000660       0x18 build/MX450_BASIC_DEMO0/production/_ext/1360937237/app.o
 .debug_ranges  0x00000678       0x10 build/MX450_BASIC_DEMO0/production/_ext/1360937237/main.o
 .debug_ranges  0x00000688       0xd0 build/MX450_BASIC_DEMO0/production/_ext/1205520658/bt_app.o
 .debug_ranges  0x00000758       0xa0 build/MX450_BASIC_DEMO0/production/_ext/1205520658/bt_data.o
 .debug_ranges  0x000007f8       0x30 build/MX450_BASIC_DEMO0/production/_ext/1205520658/bt_hardware_profile.o
 .debug_ranges  0x00000828       0x30 build/MX450_BASIC_DEMO0/production/_ext/1205520658/key.o
 .debug_ranges  0x00000858       0x18 build/MX450_BASIC_DEMO0/production/_ext/1205520658/key_handler.o
 .debug_ranges  0x00000870       0x28 build/MX450_BASIC_DEMO0/production/_ext/1205520658/led.o
 .debug_ranges  0x00000898       0x18 build/MX450_BASIC_DEMO0/production/_ext/1205520658/timer.o
 .debug_ranges  0x000008b0       0x90 build/MX450_BASIC_DEMO0/production/_ext/1634889738/bt_a2dp.o
 .debug_ranges  0x00000940       0x58 build/MX450_BASIC_DEMO0/production/_ext/1634889738/bt_command_decode.o
 .debug_ranges  0x00000998      0x1e8 build/MX450_BASIC_DEMO0/production/_ext/1634889738/bt_command_send.o
 .debug_ranges  0x00000b80       0x80 build/MX450_BASIC_DEMO0/production/_ext/1634889738/bt_hfp.o
 .debug_ranges  0x00000c00       0x60 build/MX450_BASIC_DEMO0/production/_ext/1634889738/bt_line_in.o
 .debug_ranges  0x00000c60       0xc8 build/MX450_BASIC_DEMO0/production/_ext/1634889738/bt_multi_spk.o
 .debug_ranges  0x00000d28      0x128 build/MX450_BASIC_DEMO0/production/_ext/1634889738/bt_volume.o
 .debug_ranges  0x00000e50       0xd8 build/MX450_BASIC_DEMO0/production/_ext/2146212583/sta369bwdsp_handler.o
 .debug_ranges  0x00000f28       0x68 build/MX450_BASIC_DEMO0/production/_ext/912498863/sys_devcon.o
 .debug_ranges  0x00000f90       0x10 build/MX450_BASIC_DEMO0/production/_ext/912498863/sys_devcon_pic32mx.o
 .debug_ranges  0x00000fa0       0x50 build/MX450_BASIC_DEMO0/production/_ext/711155467/sys_int_pic32.o
 .debug_ranges  0x00000ff0       0x10 c:/program files (x86)/microchip/xc32/v2.10/bin/bin/../../lib/gcc/pic32mx/4.8.3/../../../../pic32mx/lib\libpic32.a(default-bootstrap-exception-handler.o)
 .debug_ranges  0x00001000       0x10 c:/program files (x86)/microchip/xc32/v2.10/bin/bin/../../lib/gcc/pic32mx/4.8.3/../../../../pic32mx/lib\libpic32.a(default-on-reset.o)
 .debug_ranges  0x00001010       0x10 c:/program files (x86)/microchip/xc32/v2.10/bin/bin/../../lib/gcc/pic32mx/4.8.3/../../../../pic32mx/lib\libpic32.a(default-on-bootstrap.o)
 .debug_ranges  0x00001020       0x10 c:/program files (x86)/microchip/xc32/v2.10/bin/bin/../../lib/gcc/pic32mx/4.8.3/../../../../pic32mx/lib\libpic32.a(defaultinterrupt.o)

.gnu.attributes
                0x00000000       0x10
 *(.gnu.attributes)
 .gnu.attributes
                0x00000000       0x10 build/MX450_BASIC_DEMO0/production/_ext/823550626/drv_i2c_static_buffer_model.o
 .gnu.attributes
                0x00000010       0x10 build/MX450_BASIC_DEMO0/production/_ext/823550626/drv_i2c_mapping.o
 .gnu.attributes
                0x00000020       0x10 build/MX450_BASIC_DEMO0/production/_ext/2052027997/drv_tmr_static.o
 .gnu.attributes
                0x00000030       0x10 build/MX450_BASIC_DEMO0/production/_ext/2052027997/drv_tmr_mapping.o
 .gnu.attributes
                0x00000040       0x10 build/MX450_BASIC_DEMO0/production/_ext/382828169/drv_usart_mapping.o
 .gnu.attributes
                0x00000050       0x10 build/MX450_BASIC_DEMO0/production/_ext/382828169/drv_usart_static.o
 .gnu.attributes
                0x00000060       0x10 build/MX450_BASIC_DEMO0/production/_ext/382828169/drv_usart_static_byte_model.o
 .gnu.attributes
                0x00000070       0x10 build/MX450_BASIC_DEMO0/production/_ext/195891987/sys_clk_static.o
 .gnu.attributes
                0x00000080       0x10 build/MX450_BASIC_DEMO0/production/_ext/766220707/sys_ports_static.o
 .gnu.attributes
                0x00000090       0x10 build/MX450_BASIC_DEMO0/production/_ext/1823359670/system_init.o
 .gnu.attributes
                0x000000a0       0x10 build/MX450_BASIC_DEMO0/production/_ext/1823359670/system_interrupt.o
 .gnu.attributes
                0x000000b0       0x10 build/MX450_BASIC_DEMO0/production/_ext/1823359670/system_exceptions.o
 .gnu.attributes
                0x000000c0       0x10 build/MX450_BASIC_DEMO0/production/_ext/1823359670/system_tasks.o
 .gnu.attributes
                0x000000d0       0x10 build/MX450_BASIC_DEMO0/production/_ext/1360937237/app.o
 .gnu.attributes
                0x000000e0       0x10 build/MX450_BASIC_DEMO0/production/_ext/1360937237/main.o
 .gnu.attributes
                0x000000f0       0x10 build/MX450_BASIC_DEMO0/production/_ext/1205520658/bt_app.o
 .gnu.attributes
                0x00000100       0x10 build/MX450_BASIC_DEMO0/production/_ext/1205520658/bt_data.o
 .gnu.attributes
                0x00000110       0x10 build/MX450_BASIC_DEMO0/production/_ext/1205520658/bt_hardware_profile.o
 .gnu.attributes
                0x00000120       0x10 build/MX450_BASIC_DEMO0/production/_ext/1205520658/key.o
 .gnu.attributes
                0x00000130       0x10 build/MX450_BASIC_DEMO0/production/_ext/1205520658/key_handler.o
 .gnu.attributes
                0x00000140       0x10 build/MX450_BASIC_DEMO0/production/_ext/1205520658/led.o
 .gnu.attributes
                0x00000150       0x10 build/MX450_BASIC_DEMO0/production/_ext/1205520658/timer.o
 .gnu.attributes
                0x00000160       0x10 build/MX450_BASIC_DEMO0/production/_ext/1634889738/bt_a2dp.o
 .gnu.attributes
                0x00000170       0x10 build/MX450_BASIC_DEMO0/production/_ext/1634889738/bt_command_decode.o
 .gnu.attributes
                0x00000180       0x10 build/MX450_BASIC_DEMO0/production/_ext/1634889738/bt_command_send.o
 .gnu.attributes
                0x00000190       0x10 build/MX450_BASIC_DEMO0/production/_ext/1634889738/bt_hfp.o
 .gnu.attributes
                0x000001a0       0x10 build/MX450_BASIC_DEMO0/production/_ext/1634889738/bt_line_in.o
 .gnu.attributes
                0x000001b0       0x10 build/MX450_BASIC_DEMO0/production/_ext/1634889738/bt_multi_spk.o
 .gnu.attributes
                0x000001c0       0x10 build/MX450_BASIC_DEMO0/production/_ext/1634889738/bt_volume.o
 .gnu.attributes
                0x000001d0       0x10 build/MX450_BASIC_DEMO0/production/_ext/2146212583/sta369bwdsp_handler.o
 .gnu.attributes
                0x000001e0       0x10 build/MX450_BASIC_DEMO0/production/_ext/912498863/sys_devcon.o
 .gnu.attributes
                0x000001f0       0x10 build/MX450_BASIC_DEMO0/production/_ext/912498863/sys_devcon_pic32mx.o
 .gnu.attributes
                0x00000200       0x10 build/MX450_BASIC_DEMO0/production/_ext/711155467/sys_int_pic32.o
 .gnu.attributes
                0x00000210       0x10 c:/program files (x86)/microchip/xc32/v2.10/bin/bin/../../lib/gcc/pic32mx/4.8.3/../../../../pic32mx/lib\libpic32.a(default-bootstrap-exception-handler.o)
 .gnu.attributes
                0x00000220       0x10 c:/program files (x86)/microchip/xc32/v2.10/bin/bin/../../lib/gcc/pic32mx/4.8.3/../../../../pic32mx/lib\libpic32.a(default-on-reset.o)
 .gnu.attributes
                0x00000230       0x10 c:/program files (x86)/microchip/xc32/v2.10/bin/bin/../../lib/gcc/pic32mx/4.8.3/../../../../pic32mx/lib\libpic32.a(default-on-bootstrap.o)
 .gnu.attributes
                0x00000240       0x10 c:/program files (x86)/microchip/xc32/v2.10/bin/bin/../../lib/gcc/pic32mx/4.8.3/../../../../pic32mx/lib\libpic32.a(defaultinterrupt.o)
LOAD c:/program files (x86)/microchip/xc32/v2.10/bin/bin/../../lib/gcc/pic32mx/4.8.3\libgcc.a
START GROUP
LOAD c:/program files (x86)/microchip/xc32/v2.10/bin/bin/../../lib/gcc/pic32mx/4.8.3/../../../../pic32mx/lib\libpic32.a
LOAD c:/program files (x86)/microchip/xc32/v2.10/bin/bin/../../lib/gcc/pic32mx/4.8.3/../../../../pic32mx/lib\libdebug.a
LOAD c:/program files (x86)/microchip/xc32/v2.10/bin/bin/../../lib/gcc/pic32mx/4.8.3/../../../../pic32mx/lib\libpic32.a
LOAD c:/program files (x86)/microchip/xc32/v2.10/bin/bin/../../lib/gcc/pic32mx/4.8.3/../../../../pic32mx/lib\libc.a
LOAD c:/program files (x86)/microchip/xc32/v2.10/bin/bin/../../lib/gcc/pic32mx/4.8.3/../../../../pic32mx/lib\libc.a
LOAD c:/program files (x86)/microchip/xc32/v2.10/bin/bin/../../lib/gcc/pic32mx/4.8.3/../../../../pic32mx/lib\libm.a
LOAD c:/program files (x86)/microchip/xc32/v2.10/bin/bin/../../lib/gcc/pic32mx/4.8.3/../../../../pic32mx/lib\libe.a
LOAD c:/program files (x86)/microchip/xc32/v2.10/bin/bin/../../lib/gcc/pic32mx/4.8.3/../../../../pic32mx/lib\libdsp.a
LOAD c:/program files (x86)/microchip/xc32/v2.10/bin/bin/../../lib/gcc/pic32mx/4.8.3\libgcc.a
LOAD c:/program files (x86)/microchip/xc32/v2.10/bin/bin/../../lib/gcc/pic32mx/4.8.3/../../../../pic32mx/lib\libpic32.a
END GROUP
LOAD c:/program files (x86)/microchip/xc32/v2.10/bin/bin/../../lib/gcc/pic32mx/4.8.3\libgcc.a
OUTPUT(dist/MX450_BASIC_DEMO0/production/Bluetooth_Basic_Demo1.X.production.elf elf32-tradlittlemips)
LOAD stack
LOAD data_init

.reginfo        0x00000000       0x18
 .reginfo       0x00000000       0x18 c:/program files (x86)/microchip/xc32/v2.10/bin/bin/../../lib/gcc/pic32mx/4.8.3/../../../../pic32mx/lib/./proc/32MX450F256L/crt0_mips32r2.o

.stack          0xa0000b48      0x400
 .stack         0xa0000b48      0x400 stack

.bss            0xa0000398      0x580
 .bss           0xa0000398      0x38c build/MX450_BASIC_DEMO0/production/_ext/1634889738/bt_command_send.o
 .bss           0xa0000724      0x1f4 build/MX450_BASIC_DEMO0/production/_ext/1634889738/bt_command_decode.o

.bss            0xa0000918      0x214
 .bss           0xa0000918      0x134 build/MX450_BASIC_DEMO0/production/_ext/823550626/drv_i2c_static_buffer_model.o
 .bss           0xa0000a4c       0xe0 build/MX450_BASIC_DEMO0/production/_ext/1205520658/bt_data.o

._debug_exception
                0xbfc00480       0x2c
 ._debug_exception
                0xbfc00480       0x2c c:/program files (x86)/microchip/xc32/v2.10/bin/bin/../../lib/gcc/pic32mx/4.8.3/../../../../pic32mx/lib\debug-exception-return.o
                0xbfc00480                __DbgExecReturn

.text.BT_CommandDecode
                0x9d000000      0x7c4
 .text.BT_CommandDecode
                0x9d000000      0x7c4 build/MX450_BASIC_DEMO0/production/_ext/1634889738/bt_command_decode.o
                0x9d000000                BT_CommandDecode

.text.BTAPP_EventHandler
                0x9d0007c4      0x758
 .text.BTAPP_EventHandler
                0x9d0007c4      0x758 build/MX450_BASIC_DEMO0/production/_ext/1205520658/bt_app.o
                0x9d0007c4                BTAPP_EventHandler

.text.KEY_Handler
                0x9d000f1c      0x704
 .text.KEY_Handler
                0x9d000f1c      0x704 build/MX450_BASIC_DEMO0/production/_ext/1205520658/key_handler.o
                0x9d000f1c                KEY_Handler

.text.DRV_I2C0_Tasks
                0x9d001620      0x698
 .text.DRV_I2C0_Tasks
                0x9d001620      0x698 build/MX450_BASIC_DEMO0/production/_ext/823550626/drv_i2c_static_buffer_model.o
                0x9d001620                DRV_I2C0_Tasks

.text.BTAPP_Task
                0x9d001cb8      0x4ac
 .text.BTAPP_Task
                0x9d001cb8      0x4ac build/MX450_BASIC_DEMO0/production/_ext/1205520658/bt_app.o
                0x9d001cb8                BTAPP_Task

.text.BTMDATA_Handler
                0x9d002164      0x3fc
 .text.BTMDATA_Handler
                0x9d002164      0x3fc build/MX450_BASIC_DEMO0/production/_ext/1205520658/bt_data.o